Archive member included to satisfy reference by file (symbol)

app/libapp.a(main.c.obj)      (--whole-archive)
zephyr/libzephyr.a(cbprintf.c.obj)
                              (--whole-archive)
zephyr/libzephyr.a(cbprintf_packaged.c.obj)
                              (--whole-archive)
zephyr/libzephyr.a(crc32c_sw.c.obj)
                              (--whole-archive)
zephyr/libzephyr.a(crc32_sw.c.obj)
                              (--whole-archive)
zephyr/libzephyr.a(crc16_sw.c.obj)
                              (--whole-archive)
zephyr/libzephyr.a(crc8_sw.c.obj)
                              (--whole-archive)
zephyr/libzephyr.a(crc7_sw.c.obj)
                              (--whole-archive)
zephyr/libzephyr.a(dec.c.obj)
                              (--whole-archive)
zephyr/libzephyr.a(fdtable.c.obj)
                              (--whole-archive)
zephyr/libzephyr.a(hex.c.obj)
                              (--whole-archive)
zephyr/libzephyr.a(notify.c.obj)
                              (--whole-archive)
zephyr/libzephyr.a(printk.c.obj)
                              (--whole-archive)
zephyr/libzephyr.a(onoff.c.obj)
                              (--whole-archive)
zephyr/libzephyr.a(rb.c.obj)  (--whole-archive)
zephyr/libzephyr.a(sem.c.obj)
                              (--whole-archive)
zephyr/libzephyr.a(thread_entry.c.obj)
                              (--whole-archive)
zephyr/libzephyr.a(timeutil.c.obj)
                              (--whole-archive)
zephyr/libzephyr.a(heap.c.obj)
                              (--whole-archive)
zephyr/libzephyr.a(heap-validate.c.obj)
                              (--whole-archive)
zephyr/libzephyr.a(bitarray.c.obj)
                              (--whole-archive)
zephyr/libzephyr.a(multi_heap.c.obj)
                              (--whole-archive)
zephyr/libzephyr.a(cbprintf_complete.c.obj)
                              (--whole-archive)
zephyr/libzephyr.a(assert.c.obj)
                              (--whole-archive)
zephyr/libzephyr.a(reboot.c.obj)
                              (--whole-archive)
zephyr/libzephyr.a(configs.c.obj)
                              (--whole-archive)
zephyr/libzephyr.a(soc_nrf_common.S.obj)
                              (--whole-archive)
zephyr/libzephyr.a(validate_base_addresses.c.obj)
                              (--whole-archive)
zephyr/libzephyr.a(validate_enabled_instances.c.obj)
                              (--whole-archive)
zephyr/libzephyr.a(thread_info.c.obj)
                              (--whole-archive)
zephyr/libzephyr.a(addr_utils.c.obj)
                              (--whole-archive)
zephyr/libzephyr.a(pm.c.obj)  (--whole-archive)
zephyr/libzephyr.a(policy.c.obj)
                              (--whole-archive)
zephyr/libzephyr.a(state.c.obj)
                              (--whole-archive)
zephyr/libzephyr.a(tracing_none.c.obj)
                              (--whole-archive)
zephyr/libzephyr.a(utils.c.obj)
                              (--whole-archive)
zephyr/libzephyr.a(aes_decrypt.c.obj)
                              (--whole-archive)
zephyr/libzephyr.a(aes_encrypt.c.obj)
                              (--whole-archive)
zephyr/arch/common/libarch__common.a(sw_isr_common.c.obj)
                              (--whole-archive)
zephyr/arch/arch/arm/core/aarch32/libarch__arm__core__aarch32.a(cpu_idle.S.obj)
                              (--whole-archive)
zephyr/arch/arch/arm/core/aarch32/libarch__arm__core__aarch32.a(fatal.c.obj)
                              (--whole-archive)
zephyr/arch/arch/arm/core/aarch32/libarch__arm__core__aarch32.a(irq_manage.c.obj)
                              (--whole-archive)
zephyr/arch/arch/arm/core/aarch32/libarch__arm__core__aarch32.a(nmi.c.obj)
                              (--whole-archive)
zephyr/arch/arch/arm/core/aarch32/libarch__arm__core__aarch32.a(nmi_on_reset.S.obj)
                              (--whole-archive)
zephyr/arch/arch/arm/core/aarch32/libarch__arm__core__aarch32.a(prep_c.c.obj)
                              (--whole-archive)
zephyr/arch/arch/arm/core/aarch32/libarch__arm__core__aarch32.a(swap.c.obj)
                              (--whole-archive)
zephyr/arch/arch/arm/core/aarch32/libarch__arm__core__aarch32.a(swap_helper.S.obj)
                              (--whole-archive)
zephyr/arch/arch/arm/core/aarch32/libarch__arm__core__aarch32.a(thread.c.obj)
                              (--whole-archive)
zephyr/arch/arch/arm/core/aarch32/libarch__arm__core__aarch32.a(isr_wrapper.S.obj)
                              (--whole-archive)
zephyr/arch/arch/arm/core/aarch32/cortex_m/libarch__arm__core__aarch32__cortex_m.a(exc_exit.S.obj)
                              (--whole-archive)
zephyr/arch/arch/arm/core/aarch32/cortex_m/libarch__arm__core__aarch32__cortex_m.a(fault.c.obj)
                              (--whole-archive)
zephyr/arch/arch/arm/core/aarch32/cortex_m/libarch__arm__core__aarch32__cortex_m.a(fault_s.S.obj)
                              (--whole-archive)
[...]
Memory Configuration

Name             Origin             Length             Attributes
FLASH            0x0000000000000000 0x0000000000080000 xr
SRAM             0x0000000020000000 0x0000000000020000 xw
IDT_LIST         0x00000000fffff7ff 0x0000000000000800 xw
*default*        0x0000000000000000 0xffffffffffffffff

Linker script and memory map

LOAD zephyr/CMakeFiles/zephyr_final.dir/misc/empty_file.c.obj
LOAD zephyr/CMakeFiles/zephyr_final.dir/dev_handles.c.obj
LOAD zephyr/CMakeFiles/zephyr_final.dir/isr_tables.c.obj
                0x0000000000000020                _region_min_align = 0x20

.rel.plt        0x0000000000000000        0x0
 *(SORT_BY_ALIGNMENT(.rel.plt))
                [!provide]                        PROVIDE (__rel_iplt_start = .)
 *(SORT_BY_ALIGNMENT(.rel.iplt))
 .rel.iplt      0x0000000000000000        0x0 zephyr/CMakeFiles/zephyr_final.dir/isr_tables.c.obj
                [!provide]                        PROVIDE (__rel_iplt_end = .)

.rela.plt       0x0000000000000000        0x0
 *(SORT_BY_ALIGNMENT(.rela.plt))
                [!provide]                        PROVIDE (__rela_iplt_start = .)
 *(SORT_BY_ALIGNMENT(.rela.iplt))
                [!provide]                        PROVIDE (__rela_iplt_end = .)

.rel.dyn
 *(SORT_BY_ALIGNMENT(.rel.*))

.rela.dyn
 *(SORT_BY_ALIGNMENT(.rela.*))

/DISCARD/
 *(SORT_BY_ALIGNMENT(.plt))
 *(SORT_BY_ALIGNMENT(.iplt))
 *(SORT_BY_ALIGNMENT(.got.plt))
 *(SORT_BY_ALIGNMENT(.igot.plt))
 *(SORT_BY_ALIGNMENT(.got))
 *(SORT_BY_ALIGNMENT(.igot))
 *(SORT_BY_ALIGNMENT(.irq_info*))
 *(SORT_BY_ALIGNMENT(.intList*))
 *(SORT_BY_ALIGNMENT(.note.GNU-stack))
                0x0000000000000000                __rom_region_start = 0x0

rom_start       0x0000000000000000      0x100
                0x0000000000000000                . = 0x0
                0x0000000000000000                . = ALIGN (0x4)
                0x0000000000000000                . = ALIGN (0x80)
                0x0000000000000000                . = ALIGN (0x100)
                0x0000000000000000                _vector_start = .
 *(SORT_BY_ALIGNMENT(.exc_vector_table))
 *(SORT_BY_ALIGNMENT(.exc_vector_table.*))
 .exc_vector_table._vector_table_section
                0x0000000000000000       0x40 zephyr/arch/arch/arm/core/aarch32/cortex_m/libarch__arm__core__aarch32__cortex_m.a(vector_table.S.obj)
                0x0000000000000000                _vector_table
 *(SORT_BY_ALIGNMENT(.gnu.linkonce.irq_vector_table*))
 .gnu.linkonce.irq_vector_table
                0x0000000000000040       0xc0 zephyr/CMakeFiles/zephyr_final.dir/isr_tables.c.obj
                0x0000000000000040                _irq_vector_table
 *(SORT_BY_ALIGNMENT(.vectors))
                0x0000000000000100                _vector_end = .

text            0x0000000000000100    0x1e2e0
                0x0000000000000100                __text_region_start = .
 *(SORT_BY_ALIGNMENT(.text))
 .text          0x0000000000000100       0xdc C:/ncs/toolchains/v2.0.0/opt/zephyr-sdk/arm-zephyr-eabi/arm-zephyr-eabi/lib/thumb/v7e-m/nofp\libc.a(lib_a-strlen.o)
                0x0000000000000100                strlen
 *fill*         0x00000000000001dc        0x4 
 .text          0x00000000000001e0      0x2dc C:/ncs/toolchains/v2.0.0/opt/zephyr-sdk/arm-zephyr-eabi/arm-zephyr-eabi/lib/thumb/v7e-m/nofp\libc.a(lib_a-strcmp.o)
                0x00000000000001e8                strcmp
 *fill*         0x00000000000004bc        0x4 
 .text          0x00000000000004c0       0xa0 C:/ncs/toolchains/v2.0.0/opt/zephyr-sdk/arm-zephyr-eabi/arm-zephyr-eabi/lib/thumb/v7e-m/nofp\libc.a(lib_a-memchr.o)
                0x00000000000004c0                memchr
 .text          0x0000000000000560      0x378 c:/ncs/toolchains/v2.0.0/opt/zephyr-sdk/arm-zephyr-eabi/bin/../lib/gcc/arm-zephyr-eabi/10.3.0/thumb/v7e-m/nofp\libgcc.a(_arm_addsubdf3.o)
                0x0000000000000560                __aeabi_drsub
                0x0000000000000568                __aeabi_dsub
                0x0000000000000568                __subdf3
                0x000000000000056c                __aeabi_dadd
                0x000000000000056c                __adddf3
                0x00000000000007e4                __floatunsidf
                0x00000000000007e4                __aeabi_ui2d
                0x0000000000000804                __floatsidf
                0x0000000000000804                __aeabi_i2d
                0x0000000000000828                __aeabi_f2d
                0x0000000000000828                __extendsfdf2
                0x000000000000086c                __floatundidf
                0x000000000000086c                __aeabi_ul2d
                0x000000000000087c                __floatdidf
                0x000000000000087c                __aeabi_l2d
 .text          0x00000000000008d8      0x424 c:/ncs/toolchains/v2.0.0/opt/zephyr-sdk/arm-zephyr-eabi/bin/../lib/gcc/arm-zephyr-eabi/10.3.0/thumb/v7e-m/nofp\libgcc.a(_arm_muldivdf3.o)
                0x00000000000008d8                __aeabi_dmul
                0x00000000000008d8                __muldf3
                0x0000000000000b2c                __divdf3
                0x0000000000000b2c                __aeabi_ddiv
 .text          0x0000000000000cfc      0x21c c:/ncs/toolchains/v2.0.0/opt/zephyr-sdk/arm-zephyr-eabi/bin/../lib/gcc/arm-zephyr-eabi/10.3.0/thumb/v7e-m/nofp\libgcc.a(_arm_addsubsf3.o)
                0x0000000000000cfc                __aeabi_frsub
                0x0000000000000d04                __subsf3
                0x0000000000000d04                __aeabi_fsub
                0x0000000000000d08                __aeabi_fadd
                0x0000000000000d08                __addsf3
                0x0000000000000e68                __aeabi_ui2f
                0x0000000000000e68                __floatunsisf
                0x0000000000000e70                __aeabi_i2f
                0x0000000000000e70                __floatsisf
                0x0000000000000e8c                __aeabi_ul2f
                0x0000000000000e8c                __floatundisf
                0x0000000000000e9c                __aeabi_l2f
                0x0000000000000e9c                __floatdisf
 .text          0x0000000000000f18      0x2a0 c:/ncs/toolchains/v2.0.0/opt/zephyr-sdk/arm-zephyr-eabi/bin/../lib/gcc/arm-zephyr-eabi/10.3.0/thumb/v7e-m/nofp\libgcc.a(_arm_muldivsf3.o)
                0x0000000000000f18                __mulsf3
                0x0000000000000f18                __aeabi_fmul
                0x0000000000001080                __aeabi_fdiv
                0x0000000000001080                __divsf3
 .text          0x00000000000011b8       0x30 c:/ncs/toolchains/v2.0.0/opt/zephyr-sdk/arm-zephyr-eabi/bin/../lib/gcc/arm-zephyr-eabi/10.3.0/thumb/v7e-m/nofp\libgcc.a(_aeabi_uldivmod.o)
                0x00000000000011b8                __aeabi_uldivmod
 .text          0x00000000000011e8        0x4 c:/ncs/toolchains/v2.0.0/opt/zephyr-sdk/arm-zephyr-eabi/bin/../lib/gcc/arm-zephyr-eabi/10.3.0/thumb/v7e-m/nofp\libgcc.a(_dvmd_tls.o)
                0x00000000000011e8                __aeabi_idiv0
                0x00000000000011e8                __aeabi_ldiv0
 .text          0x00000000000011ec      0x110 c:/ncs/toolchains/v2.0.0/opt/zephyr-sdk/arm-zephyr-eabi/bin/../lib/gcc/arm-zephyr-eabi/10.3.0/thumb/v7e-m/nofp\libgcc.a(_arm_cmpdf2.o)
                0x00000000000011ec                __gtdf2
                0x00000000000011ec                __gedf2
                0x00000000000011f4                __ltdf2
                0x00000000000011f4                __ledf2
                0x00000000000011fc                __nedf2
                0x00000000000011fc                __eqdf2
                0x00000000000011fc                __cmpdf2
                0x0000000000001278                __aeabi_cdrcmple
                0x0000000000001288                __aeabi_cdcmpeq
                0x0000000000001288                __aeabi_cdcmple
                0x0000000000001298                __aeabi_dcmpeq
                0x00000000000012ac                __aeabi_dcmplt
                0x00000000000012c0                __aeabi_dcmple
                0x00000000000012d4                __aeabi_dcmpge
                0x00000000000012e8                __aeabi_dcmpgt
 .text          0x00000000000012fc      0x134 C:/ncs/toolchains/v2.0.0/opt/zephyr-sdk/arm-zephyr-eabi/arm-zephyr-eabi/lib/thumb/v7e-m/nofp\libc.a(lib_a-memcpy.o)
                0x00000000000012fc                memcpy
 .text          0x0000000000001430       0x2c c:/ncs/toolchains/v2.0.0/opt/zephyr-sdk/arm-zephyr-eabi/bin/../lib/gcc/arm-zephyr-eabi/10.3.0/thumb/v7e-m/nofp\libgcc.a(_arm_unorddf2.o)
                0x0000000000001430                __unorddf2
                0x0000000000001430                __aeabi_dcmpun
 .text          0x000000000000145c       0x50 c:/ncs/toolchains/v2.0.0/opt/zephyr-sdk/arm-zephyr-eabi/bin/../lib/gcc/arm-zephyr-eabi/10.3.0/thumb/v7e-m/nofp\libgcc.a(_arm_fixdfsi.o)
                0x000000000000145c                __aeabi_d2iz
                0x000000000000145c                __fixdfsi
 .text          0x00000000000014ac      0x2a6 c:/ncs/toolchains/v2.0.0/opt/zephyr-sdk/arm-zephyr-eabi/bin/../lib/gcc/arm-zephyr-eabi/10.3.0/thumb/v7e-m/nofp\libgcc.a(_udivmoddi4.o)
                0x00000000000014ac                __udivmoddi4
 *(SORT_BY_ALIGNMENT(.text.*))
 *fill*         0x0000000000001752        0x6 
 .text.ll_feat_get
                0x0000000000001758       0x10 zephyr/subsys/bluetooth/controller/libsubsys__bluetooth__controller.a(ll_feat.c.obj)
                0x0000000000001758                ll_feat_get
 .text.ull_drift_ticks_get
                0x0000000000001768       0x8c zephyr/subsys/bluetooth/controller/libsubsys__bluetooth__controller.a(ull.c.obj)
                0x0000000000001768                ull_drift_ticks_get
 *fill*         0x00000000000017f4        0x4 
 .text.ull_scan_params_set
                0x00000000000017f8       0x4c zephyr/subsys/bluetooth/controller/libsubsys__bluetooth__controller.a(ull_scan.c.obj)
                0x00000000000017f8                ull_scan_params_set
 *fill*         0x0000000000001844        0x4 
 .text.ull_scan_enable
                0x0000000000001848      0x148 zephyr/subsys/bluetooth/controller/libsubsys__bluetooth__controller.a(ull_scan.c.obj)
                0x0000000000001848                ull_scan_enable
 .text.ull_scan_aux_setup
                0x0000000000001990      0x8e0 zephyr/subsys/bluetooth/controller/libsubsys__bluetooth__controller.a(ull_scan_aux.c.obj)
                0x0000000000001990                ull_scan_aux_setup
 .text.ull_sync_setup
                0x0000000000002270      0x2ec zephyr/subsys/bluetooth/controller/libsubsys__bluetooth__controller.a(ull_sync.c.obj)
                0x0000000000002270                ull_sync_setup
 *fill*         0x000000000000255c        0x4 
 .text.ull_sync_slot_update
                0x0000000000002560       0xc4 zephyr/subsys/bluetooth/controller/libsubsys__bluetooth__controller.a(ull_sync.c.obj)
                0x0000000000002560                ull_sync_slot_update
 *fill*         0x0000000000002624        0x4 
 .text._dtoa_r  0x0000000000002628      0xea4 C:/ncs/toolchains/v2.0.0/opt/zephyr-sdk/arm-zephyr-eabi/arm-zephyr-eabi/lib/thumb/v7e-m/nofp\libc.a(lib_a-dtoa.o)
                0x0000000000002628                _dtoa_r
 .text.scan_init
                0x00000000000034cc       0x1c app/libapp.a(main.c.obj)
 .text.cte_recv_cb
                0x00000000000034e8       0xa4 app/libapp.a(main.c.obj)
 .text.scan_recv
                0x000000000000358c      0x10c app/libapp.a(main.c.obj)
 .text.scan_enable
                0x0000000000003698       0x4c app/libapp.a(main.c.obj)
 .text.delete_sync
                0x00000000000036e4       0x10 app/libapp.a(main.c.obj)
 .text.enable_cte_rx
                0x00000000000036f4       0x28 app/libapp.a(main.c.obj)
 .text.scan_disable
                0x000000000000371c       0x14 app/libapp.a(main.c.obj)
 .text.create_sync
                0x0000000000003730       0x48 app/libapp.a(main.c.obj)
 .text.sync_cb  0x0000000000003778       0xa8 app/libapp.a(main.c.obj)
 .text.term_cb  0x0000000000003820       0xa8 app/libapp.a(main.c.obj)
 .text.recv_cb  0x00000000000038c8       0xb4 app/libapp.a(main.c.obj)
 .text.main     0x000000000000397c       0x98 app/libapp.a(main.c.obj)
                0x000000000000397c                main
 .text.char_out
                0x0000000000003a14       0x14 zephyr/libzephyr.a(printk.c.obj)
 .text.__printk_hook_install
                0x0000000000003a28        0xc zephyr/libzephyr.a(printk.c.obj)
                0x0000000000003a28                __printk_hook_install
 .text.vprintk  0x0000000000003a34       0x20 zephyr/libzephyr.a(printk.c.obj)
                0x0000000000003a34                vprintk
 .text.vsnprintk
                0x0000000000003a54       0x2c zephyr/libzephyr.a(printk.c.obj)
                0x0000000000003a54                vsnprintk
 .text.process_event
                0x0000000000003a80      0x158 zephyr/libzephyr.a(onoff.c.obj)
 .text.extract_decimal
                0x0000000000003bd8       0x2c zephyr/libzephyr.a(cbprintf_complete.c.obj)
 .text.extract_conversion
                0x0000000000003c04      0x314 zephyr/libzephyr.a(cbprintf_complete.c.obj)
 .text.encode_uint
                0x0000000000003f18       0xe0 zephyr/libzephyr.a(cbprintf_complete.c.obj)
 .text.cbvprintf
                0x0000000000003ff8      0x5d0 zephyr/libzephyr.a(cbprintf_complete.c.obj)
                0x0000000000003ff8                cbvprintf
 .text.pm_system_resume
                0x00000000000045c8       0xc0 zephyr/libzephyr.a(pm.c.obj)
                0x00000000000045c8                pm_system_resume
 .text.pm_system_suspend
                0x0000000000004688      0x184 zephyr/libzephyr.a(pm.c.obj)
                0x0000000000004688                pm_system_suspend
 .text.pm_policy_state_lock_is_active
                0x000000000000480c       0x1c zephyr/libzephyr.a(policy.c.obj)
                0x000000000000480c                pm_policy_state_lock_is_active
 .text.pm_policy_next_state
                0x0000000000004828       0x94 zephyr/libzephyr.a(policy.c.obj)
                0x0000000000004828                pm_policy_next_state
 .text.pm_state_cpu_get_all
                0x00000000000048bc       0x10 zephyr/libzephyr.a(state.c.obj)
                0x00000000000048bc                pm_state_cpu_get_all
 .text.z_arm_cpu_idle_init
                0x00000000000048cc        0xc zephyr/arch/arch/arm/core/aarch32/libarch__arm__core__aarch32.a(cpu_idle.S.obj)
                0x00000000000048cc                z_arm_cpu_idle_init
 .text.arch_cpu_idle
                0x00000000000048d8       0x1c zephyr/arch/arch/arm/core/aarch32/libarch__arm__core__aarch32.a(cpu_idle.S.obj)
                0x00000000000048d8                arch_cpu_idle
 .text.arch_cpu_atomic_idle
                0x00000000000048f4       0x14 zephyr/arch/arch/arm/core/aarch32/libarch__arm__core__aarch32.a(cpu_idle.S.obj)
                0x00000000000048f4                arch_cpu_atomic_idle
 .text.arch_irq_enable
                0x0000000000004908       0x1c zephyr/arch/arch/arm/core/aarch32/libarch__arm__core__aarch32.a(irq_manage.c.obj)
                0x0000000000004908                arch_irq_enable
 .text.arch_irq_disable
                0x0000000000004924       0x28 zephyr/arch/arch/arm/core/aarch32/libarch__arm__core__aarch32.a(irq_manage.c.obj)
                0x0000000000004924                arch_irq_disable
 .text.arch_irq_is_enabled
                0x000000000000494c       0x1c zephyr/arch/arch/arm/core/aarch32/libarch__arm__core__aarch32.a(irq_manage.c.obj)
                0x000000000000494c                arch_irq_is_enabled
 .text.z_arm_irq_priority_set
                0x0000000000004968       0x2c zephyr/arch/arch/arm/core/aarch32/libarch__arm__core__aarch32.a(irq_manage.c.obj)
                0x0000000000004968                z_arm_irq_priority_set
 .text._arch_isr_direct_pm
                0x0000000000004994       0x20 zephyr/arch/arch/arm/core/aarch32/libarch__arm__core__aarch32.a(irq_manage.c.obj)
                0x0000000000004994                _arch_isr_direct_pm
 .text.z_SysNmiOnReset
                0x00000000000049b4        0x8 zephyr/arch/arch/arm/core/aarch32/libarch__arm__core__aarch32.a(nmi_on_reset.S.obj)
                0x00000000000049b4                z_SysNmiOnReset
 .text.z_arm_prep_c
                0x00000000000049bc       0x38 zephyr/arch/arch/arm/core/aarch32/libarch__arm__core__aarch32.a(prep_c.c.obj)
                0x00000000000049bc                z_arm_prep_c
 .text.arch_swap
                0x00000000000049f4       0x38 zephyr/arch/arch/arm/core/aarch32/libarch__arm__core__aarch32.a(swap.c.obj)
                0x00000000000049f4                arch_swap
 .text.z_arm_pendsv
                0x0000000000004a2c       0x58 zephyr/arch/arch/arm/core/aarch32/libarch__arm__core__aarch32.a(swap_helper.S.obj)
                0x0000000000004a2c                z_arm_pendsv
 .text.z_arm_svc
                0x0000000000004a84       0x20 zephyr/arch/arch/arm/core/aarch32/libarch__arm__core__aarch32.a(swap_helper.S.obj)
                0x0000000000004a84                z_arm_svc
 .text.arch_new_thread
                0x0000000000004aa4       0x44 zephyr/arch/arch/arm/core/aarch32/libarch__arm__core__aarch32.a(thread.c.obj)
                0x0000000000004aa4                arch_new_thread
 .text.z_check_thread_stack_fail
                0x0000000000004ae8       0x50 zephyr/arch/arch/arm/core/aarch32/libarch__arm__core__aarch32.a(thread.c.obj)
                0x0000000000004ae8                z_check_thread_stack_fail
 .text.arch_switch_to_main_thread
                0x0000000000004b38       0x2c zephyr/arch/arch/arm/core/aarch32/libarch__arm__core__aarch32.a(thread.c.obj)
                0x0000000000004b38                arch_switch_to_main_thread
 .text._isr_wrapper
                0x0000000000004b64       0x40 zephyr/arch/arch/arm/core/aarch32/libarch__arm__core__aarch32.a(isr_wrapper.S.obj)
                0x0000000000004b64                _isr_wrapper
 .text._HandlerModeExit
                0x0000000000004ba4       0x1c zephyr/arch/arch/arm/core/aarch32/cortex_m/libarch__arm__core__aarch32__cortex_m.a(exc_exit.S.obj)
                0x0000000000004ba4                z_arm_int_exit
                0x0000000000004ba4                z_arm_exc_exit
 .text.bus_fault
                0x0000000000004bc0       0x54 zephyr/arch/arch/arm/core/aarch32/cortex_m/libarch__arm__core__aarch32__cortex_m.a(fault.c.obj)
 .text.usage_fault
                0x0000000000004c14       0x24 zephyr/arch/arch/arm/core/aarch32/cortex_m/libarch__arm__core__aarch32__cortex_m.a(fault.c.obj)
 .text.mem_manage_fault
                0x0000000000004c38       0xa0 zephyr/arch/arch/arm/core/aarch32/cortex_m/libarch__arm__core__aarch32__cortex_m.a(fault.c.obj)
 .text.hard_fault
                0x0000000000004cd8       0x7c zephyr/arch/arch/arm/core/aarch32/cortex_m/libarch__arm__core__aarch32__cortex_m.a(fault.c.obj)
 .text.z_arm_fault
                0x0000000000004d54       0xa4 zephyr/arch/arch/arm/core/aarch32/cortex_m/libarch__arm__core__aarch32__cortex_m.a(fault.c.obj)
                0x0000000000004d54                z_arm_fault
 .text.z_arm_fault_init
                0x0000000000004df8       0x10 zephyr/arch/arch/arm/core/aarch32/cortex_m/libarch__arm__core__aarch32__cortex_m.a(fault.c.obj)
                0x0000000000004df8                z_arm_fault_init
 .text.__fault  0x0000000000004e08       0x14 zephyr/arch/arch/arm/core/aarch32/cortex_m/libarch__arm__core__aarch32__cortex_m.a(fault_s.S.obj)
                0x0000000000004e08                z_arm_usage_fault
                0x0000000000004e08                z_arm_mpu_fault
                0x0000000000004e08                z_arm_exc_spurious
                0x0000000000004e08                z_arm_debug_monitor
                0x0000000000004e08                z_arm_hard_fault
                0x0000000000004e08                z_arm_bus_fault
 .text.z_arm_interrupt_init
                0x0000000000004e1c       0x34 zephyr/arch/arch/arm/core/aarch32/cortex_m/libarch__arm__core__aarch32__cortex_m.a(irq_init.c.obj)
                0x0000000000004e1c                z_arm_interrupt_init
 .text._reset_section
                0x0000000000004e50       0x54 zephyr/arch/arch/arm/core/aarch32/cortex_m/libarch__arm__core__aarch32__cortex_m.a(reset.S.obj)
                0x0000000000004e50                __start
                0x0000000000004e50                z_arm_reset
 .text.z_arm_clear_arm_mpu_config
                0x0000000000004ea4       0x28 zephyr/arch/arch/arm/core/aarch32/cortex_m/libarch__arm__core__aarch32__cortex_m.a(scb.c.obj)
                0x0000000000004ea4                z_arm_clear_arm_mpu_config
 .text.z_arm_init_arch_hw_at_boot
                0x0000000000004ecc       0x54 zephyr/arch/arch/arm/core/aarch32/cortex_m/libarch__arm__core__aarch32__cortex_m.a(scb.c.obj)
                0x0000000000004ecc                z_arm_init_arch_hw_at_boot
 .text.z_impl_k_thread_abort
                0x0000000000004f20       0x34 zephyr/arch/arch/arm/core/aarch32/cortex_m/libarch__arm__core__aarch32__cortex_m.a(thread_abort.c.obj)
                0x0000000000004f20                z_impl_k_thread_abort
 .text.z_arm_configure_static_mpu_regions
                0x0000000000004f54       0x1c zephyr/arch/arch/arm/core/aarch32/mpu/libarch__arm__core__aarch32__mpu.a(arm_core_mpu.c.obj)
                0x0000000000004f54                z_arm_configure_static_mpu_regions
 .text.z_arm_configure_dynamic_mpu_regions
                0x0000000000004f70       0x24 zephyr/arch/arch/arm/core/aarch32/mpu/libarch__arm__core__aarch32__mpu.a(arm_core_mpu.c.obj)
                0x0000000000004f70                z_arm_configure_dynamic_mpu_regions
 .text.region_init
                0x0000000000004f94       0x28 zephyr/arch/arch/arm/core/aarch32/mpu/libarch__arm__core__aarch32__mpu.a(arm_mpu.c.obj)
 .text.mpu_configure_static_mpu_regions
                0x0000000000004fbc       0x14 zephyr/arch/arch/arm/core/aarch32/mpu/libarch__arm__core__aarch32__mpu.a(arm_mpu.c.obj)
 .text.mpu_configure_dynamic_mpu_regions
                0x0000000000004fd0       0x34 zephyr/arch/arch/arm/core/aarch32/mpu/libarch__arm__core__aarch32__mpu.a(arm_mpu.c.obj)
 .text.arm_core_mpu_enable
                0x0000000000005004       0x18 zephyr/arch/arch/arm/core/aarch32/mpu/libarch__arm__core__aarch32__mpu.a(arm_mpu.c.obj)
                0x0000000000005004                arm_core_mpu_enable
 .text.arm_core_mpu_disable
                0x000000000000501c       0x14 zephyr/arch/arch/arm/core/aarch32/mpu/libarch__arm__core__aarch32__mpu.a(arm_mpu.c.obj)
                0x000000000000501c                arm_core_mpu_disable
 .text.z_arm_mpu_init
                0x0000000000005030       0x44 zephyr/arch/arch/arm/core/aarch32/mpu/libarch__arm__core__aarch32__mpu.a(arm_mpu.c.obj)
                0x0000000000005030                z_arm_mpu_init
 .text.__stdout_hook_install
                0x0000000000005074        0xc zephyr/lib/libc/newlib/liblib__libc__newlib.a(libc-hooks.c.obj)
                0x0000000000005074                __stdout_hook_install
 .text.z_impl_zephyr_read_stdin
                0x0000000000005080       0x2c zephyr/lib/libc/newlib/liblib__libc__newlib.a(libc-hooks.c.obj)
                0x0000000000005080                z_impl_zephyr_read_stdin
 .text.z_impl_zephyr_write_stdout
                0x00000000000050ac       0x34 zephyr/lib/libc/newlib/liblib__libc__newlib.a(libc-hooks.c.obj)
                0x00000000000050ac                z_impl_zephyr_write_stdout
 .text._exit    0x00000000000050e0       0x14 zephyr/lib/libc/newlib/liblib__libc__newlib.a(libc-hooks.c.obj)
                0x00000000000050e0                _exit
 .text._sbrk    0x00000000000050f4       0x2c zephyr/lib/libc/newlib/liblib__libc__newlib.a(libc-hooks.c.obj)
                0x00000000000050f4                sbrk
                0x00000000000050f4                _sbrk
 .text.nordicsemi_nrf52_init
                0x0000000000005120       0x30 zephyr/soc/arm/nordic_nrf/nrf52/libsoc__arm__nordic_nrf__nrf52.a(soc.c.obj)
 .text.sys_arch_reboot
                0x0000000000005150       0x2c zephyr/soc/arm/nordic_nrf/nrf52/libsoc__arm__nordic_nrf__nrf52.a(soc.c.obj)
                0x0000000000005150                sys_arch_reboot
 .text.arch_busy_wait
                0x000000000000517c       0x18 zephyr/soc/arm/nordic_nrf/nrf52/libsoc__arm__nordic_nrf__nrf52.a(soc.c.obj)
                0x000000000000517c                arch_busy_wait
 .text.bt_buf_get_rx
                0x0000000000005194       0x20 zephyr/subsys/bluetooth/host/libsubsys__bluetooth__host.a(buf.c.obj)
                0x0000000000005194                bt_buf_get_rx
 .text.bt_buf_get_cmd_complete
                0x00000000000051b4       0x34 zephyr/subsys/bluetooth/host/libsubsys__bluetooth__host.a(buf.c.obj)
                0x00000000000051b4                bt_buf_get_cmd_complete
 .text.bt_buf_get_evt
                0x00000000000051e8       0x44 zephyr/subsys/bluetooth/host/libsubsys__bluetooth__host.a(buf.c.obj)
                0x00000000000051e8                bt_buf_get_evt
 .text.read_local_ver_complete
                0x000000000000522c       0x28 zephyr/subsys/bluetooth/host/libsubsys__bluetooth__host.a(hci_core.c.obj)
 .text.read_le_features_complete
                0x0000000000005254       0x14 zephyr/subsys/bluetooth/host/libsubsys__bluetooth__host.a(hci_core.c.obj)
 .text.read_supported_commands_complete
                0x0000000000005268       0x34 zephyr/subsys/bluetooth/host/libsubsys__bluetooth__host.a(hci_core.c.obj)
 .text.read_local_features_complete
                0x000000000000529c       0x14 zephyr/subsys/bluetooth/host/libsubsys__bluetooth__host.a(hci_core.c.obj)
 .text.le_read_supp_states_complete
                0x00000000000052b0       0x3c zephyr/subsys/bluetooth/host/libsubsys__bluetooth__host.a(hci_core.c.obj)
 .text.hci_reset_complete
                0x00000000000052ec       0x38 zephyr/subsys/bluetooth/host/libsubsys__bluetooth__host.a(hci_core.c.obj)
 .text.hci_cmd_done
                0x0000000000005324      0x100 zephyr/subsys/bluetooth/host/libsubsys__bluetooth__host.a(hci_core.c.obj)
 .text.hci_cmd_status
                0x0000000000005424       0x28 zephyr/subsys/bluetooth/host/libsubsys__bluetooth__host.a(hci_core.c.obj)
 .text.hci_cmd_complete
                0x000000000000544c       0x2c zephyr/subsys/bluetooth/host/libsubsys__bluetooth__host.a(hci_core.c.obj)
 .text.hci_le_meta_event
                0x0000000000005478       0x3c zephyr/subsys/bluetooth/host/libsubsys__bluetooth__host.a(hci_core.c.obj)
 .text.hci_event
                0x00000000000054b4       0xb8 zephyr/subsys/bluetooth/host/libsubsys__bluetooth__host.a(hci_core.c.obj)
 .text.bt_hci_cmd_state_set_init
                0x000000000000556c       0x24 zephyr/subsys/bluetooth/host/libsubsys__bluetooth__host.a(hci_core.c.obj)
                0x000000000000556c                bt_hci_cmd_state_set_init
 .text.bt_hci_cmd_create
                0x0000000000005590       0x7c zephyr/subsys/bluetooth/host/libsubsys__bluetooth__host.a(hci_core.c.obj)
                0x0000000000005590                bt_hci_cmd_create
 .text.bt_hci_cmd_send_sync
                0x000000000000560c       0xd0 zephyr/subsys/bluetooth/host/libsubsys__bluetooth__host.a(hci_core.c.obj)
                0x000000000000560c                bt_hci_cmd_send_sync
 .text.common_init
                0x00000000000056dc       0x94 zephyr/subsys/bluetooth/host/libsubsys__bluetooth__host.a(hci_core.c.obj)
 .text.le_init  0x0000000000005770       0xd0 zephyr/subsys/bluetooth/host/libsubsys__bluetooth__host.a(hci_core.c.obj)
 .text.hci_vs_init
                0x0000000000005840       0x6c zephyr/subsys/bluetooth/host/libsubsys__bluetooth__host.a(hci_core.c.obj)
 .text.hci_init
                0x00000000000058ac       0x48 zephyr/subsys/bluetooth/host/libsubsys__bluetooth__host.a(hci_core.c.obj)
 .text.bt_send  0x00000000000058f4       0x14 zephyr/subsys/bluetooth/host/libsubsys__bluetooth__host.a(hci_core.c.obj)
                0x00000000000058f4                bt_send
 .text.send_cmd
                0x0000000000005908       0xb8 zephyr/subsys/bluetooth/host/libsubsys__bluetooth__host.a(hci_core.c.obj)
 .text.hci_tx_thread
                0x00000000000059c0       0x58 zephyr/subsys/bluetooth/host/libsubsys__bluetooth__host.a(hci_core.c.obj)
 .text.hci_event_prio
                0x0000000000005a18       0xe4 zephyr/subsys/bluetooth/host/libsubsys__bluetooth__host.a(hci_core.c.obj)
                0x0000000000005a18                hci_event_prio
 .text.bt_recv_prio
                0x0000000000005afc       0x3c zephyr/subsys/bluetooth/host/libsubsys__bluetooth__host.a(hci_core.c.obj)
                0x0000000000005afc                bt_recv_prio
 .text.bt_hci_driver_register
                0x0000000000005b38       0x30 zephyr/subsys/bluetooth/host/libsubsys__bluetooth__host.a(hci_core.c.obj)
                0x0000000000005b38                bt_hci_driver_register
 .text.bt_finalize_init
                0x0000000000005b68       0x28 zephyr/subsys/bluetooth/host/libsubsys__bluetooth__host.a(hci_core.c.obj)
                0x0000000000005b68                bt_finalize_init
 .text.init_work
                0x0000000000005b90       0x14 zephyr/subsys/bluetooth/host/libsubsys__bluetooth__host.a(hci_core.c.obj)
 .text.bt_enable
                0x0000000000005ba4       0xcc zephyr/subsys/bluetooth/host/libsubsys__bluetooth__host.a(hci_core.c.obj)
                0x0000000000005ba4                bt_enable
 .text.id_find  0x0000000000005c70       0x38 zephyr/subsys/bluetooth/host/libsubsys__bluetooth__host.a(id.c.obj)
 .text.set_random_address
                0x0000000000005ca8       0x5c zephyr/subsys/bluetooth/host/libsubsys__bluetooth__host.a(id.c.obj)
 .text.id_create
                0x0000000000005d04       0x7c zephyr/subsys/bluetooth/host/libsubsys__bluetooth__host.a(id.c.obj)
 .text.bt_id_create
                0x0000000000005d80       0xb8 zephyr/subsys/bluetooth/host/libsubsys__bluetooth__host.a(id.c.obj)
                0x0000000000005d80                bt_id_create
 .text.bt_id_read_public_addr
                0x0000000000005e38       0x78 zephyr/subsys/bluetooth/host/libsubsys__bluetooth__host.a(id.c.obj)
                0x0000000000005e38                bt_id_read_public_addr
 .text.bt_setup_public_id_addr
                0x0000000000005eb0       0x28 zephyr/subsys/bluetooth/host/libsubsys__bluetooth__host.a(id.c.obj)
                0x0000000000005eb0                bt_setup_public_id_addr
 .text.bt_read_static_addr
                0x0000000000005ed8       0x80 zephyr/subsys/bluetooth/host/libsubsys__bluetooth__host.a(id.c.obj)
                0x0000000000005ed8                bt_read_static_addr
 .text.bt_setup_random_id_addr
                0x0000000000005f58       0x6c zephyr/subsys/bluetooth/host/libsubsys__bluetooth__host.a(id.c.obj)
                0x0000000000005f58                bt_setup_random_id_addr
 .text.bt_id_set_scan_own_addr
                0x0000000000005fc4       0x28 zephyr/subsys/bluetooth/host/libsubsys__bluetooth__host.a(id.c.obj)
                0x0000000000005fc4                bt_id_set_scan_own_addr
 .text.bt_id_init
                0x0000000000005fec       0x34 zephyr/subsys/bluetooth/host/libsubsys__bluetooth__host.a(id.c.obj)
                0x0000000000005fec                bt_id_init
 .text.reset_reassembling_advertiser
                0x0000000000006020       0x18 zephyr/subsys/bluetooth/host/libsubsys__bluetooth__host.a(scan.c.obj)
 .text.set_le_ext_scan_enable
                0x0000000000006038       0x74 zephyr/subsys/bluetooth/host/libsubsys__bluetooth__host.a(scan.c.obj)
 .text.start_le_scan_ext
                0x00000000000060ac      0x120 zephyr/subsys/bluetooth/host/libsubsys__bluetooth__host.a(scan.c.obj)
 .text.get_pending_per_adv_sync
                0x00000000000061cc       0x38 zephyr/subsys/bluetooth/host/libsubsys__bluetooth__host.a(scan.c.obj)
 .text.per_adv_sync_new
                0x0000000000006204       0x64 zephyr/subsys/bluetooth/host/libsubsys__bluetooth__host.a(scan.c.obj)
 .text.init_reassembling_advertiser
                0x0000000000006268       0x1c zephyr/subsys/bluetooth/host/libsubsys__bluetooth__host.a(scan.c.obj)
 .text.le_adv_recv
                0x0000000000006284      0x134 zephyr/subsys/bluetooth/host/libsubsys__bluetooth__host.a(scan.c.obj)
 .text.bt_scan_reset
                0x00000000000063b8       0x14 zephyr/subsys/bluetooth/host/libsubsys__bluetooth__host.a(scan.c.obj)
                0x00000000000063b8                bt_scan_reset
 .text.bt_le_scan_update
                0x00000000000063cc       0x54 zephyr/subsys/bluetooth/host/libsubsys__bluetooth__host.a(scan.c.obj)
                0x00000000000063cc                bt_le_scan_update
 .text.bt_hci_le_scan_timeout
                0x0000000000006420       0xb0 zephyr/subsys/bluetooth/host/libsubsys__bluetooth__host.a(scan.c.obj)
                0x0000000000006420                bt_hci_le_scan_timeout
 .text.bt_hci_le_adv_ext_report
                0x00000000000064d0      0x12c zephyr/subsys/bluetooth/host/libsubsys__bluetooth__host.a(scan.c.obj)
                0x00000000000064d0                bt_hci_le_adv_ext_report
 .text.bt_hci_get_per_adv_sync
                0x00000000000065fc       0x44 zephyr/subsys/bluetooth/host/libsubsys__bluetooth__host.a(scan.c.obj)
                0x00000000000065fc                bt_hci_get_per_adv_sync
 .text.bt_hci_le_per_adv_report_recv
                0x0000000000006640       0x64 zephyr/subsys/bluetooth/host/libsubsys__bluetooth__host.a(scan.c.obj)
                0x0000000000006640                bt_hci_le_per_adv_report_recv
 .text.bt_hci_le_per_adv_sync_established
                0x00000000000066a4      0x188 zephyr/subsys/bluetooth/host/libsubsys__bluetooth__host.a(scan.c.obj)
                0x00000000000066a4                bt_hci_le_per_adv_sync_established
 .text.bt_hci_le_per_adv_sync_lost
                0x000000000000682c       0x54 zephyr/subsys/bluetooth/host/libsubsys__bluetooth__host.a(scan.c.obj)
                0x000000000000682c                bt_hci_le_per_adv_sync_lost
 .text.bt_hci_le_df_connectionless_iq_report
                0x0000000000006880       0x40 zephyr/subsys/bluetooth/host/libsubsys__bluetooth__host.a(scan.c.obj)
                0x0000000000006880                bt_hci_le_df_connectionless_iq_report
 .text.bt_le_scan_start
                0x00000000000068c0      0x15c zephyr/subsys/bluetooth/host/libsubsys__bluetooth__host.a(scan.c.obj)
                0x00000000000068c0                bt_le_scan_start
 .text.bt_le_scan_stop
                0x0000000000006a1c       0x74 zephyr/subsys/bluetooth/host/libsubsys__bluetooth__host.a(scan.c.obj)
                0x0000000000006a1c                bt_le_scan_stop
 .text.bt_le_scan_cb_register
                0x0000000000006a90       0x24 zephyr/subsys/bluetooth/host/libsubsys__bluetooth__host.a(scan.c.obj)
                0x0000000000006a90                bt_le_scan_cb_register
 .text.bt_le_per_adv_sync_delete
                0x0000000000006ab4       0x54 zephyr/subsys/bluetooth/host/libsubsys__bluetooth__host.a(scan.c.obj)
                0x0000000000006ab4                bt_le_per_adv_sync_delete
 .text.bt_le_per_adv_sync_create
                0x0000000000006b08      0x1ec zephyr/subsys/bluetooth/host/libsubsys__bluetooth__host.a(scan.c.obj)
                0x0000000000006b08                bt_le_per_adv_sync_create
 .text.bt_le_per_adv_sync_cb_register
                0x0000000000006cf4       0x24 zephyr/subsys/bluetooth/host/libsubsys__bluetooth__host.a(scan.c.obj)
                0x0000000000006cf4                bt_le_per_adv_sync_cb_register
 .text.valid_cte_rx_common_params
                0x0000000000006d18       0x70 zephyr/subsys/bluetooth/host/libsubsys__bluetooth__host.a(direction.c.obj)
 .text.prepare_cl_cte_rx_enable_cmd_params
                0x0000000000006d88       0x94 zephyr/subsys/bluetooth/host/libsubsys__bluetooth__host.a(direction.c.obj)
 .text.bt_df_set_per_adv_sync_cte_rx_enable
                0x0000000000006e1c       0x4c zephyr/subsys/bluetooth/host/libsubsys__bluetooth__host.a(direction.c.obj)
 .text.le_df_init
                0x0000000000006e68       0x3c zephyr/subsys/bluetooth/host/libsubsys__bluetooth__host.a(direction.c.obj)
                0x0000000000006e68                le_df_init
 .text.dequeue  0x0000000000006ea4       0x68 zephyr/subsys/bluetooth/controller/libsubsys__bluetooth__controller.a(mayfly.c.obj)
 .text.mayfly_init
                0x0000000000006f0c       0x48 zephyr/subsys/bluetooth/controller/libsubsys__bluetooth__controller.a(mayfly.c.obj)
                0x0000000000006f0c                mayfly_init
 .text.mayfly_enqueue
                0x0000000000006f54       0xc4 zephyr/subsys/bluetooth/controller/libsubsys__bluetooth__controller.a(mayfly.c.obj)
                0x0000000000006f54                mayfly_enqueue
 .text.mayfly_run
                0x0000000000007018      0x13c zephyr/subsys/bluetooth/controller/libsubsys__bluetooth__controller.a(mayfly.c.obj)
                0x0000000000007018                mayfly_run
 .text.ticker_remainder_inc
                0x0000000000007154       0x2c zephyr/subsys/bluetooth/controller/libsubsys__bluetooth__controller.a(ticker.c.obj)
 .text.ticker_remainder_dec
                0x0000000000007180       0x30 zephyr/subsys/bluetooth/controller/libsubsys__bluetooth__controller.a(ticker.c.obj)
 .text.ticker_init
                0x00000000000071b0       0xb0 zephyr/subsys/bluetooth/controller/libsubsys__bluetooth__controller.a(ticker.c.obj)
                0x00000000000071b0                ticker_init
 .text.ticker_trigger
                0x0000000000007260       0x1c zephyr/subsys/bluetooth/controller/libsubsys__bluetooth__controller.a(ticker.c.obj)
                0x0000000000007260                ticker_trigger
 .text.ticker_start_ext
                0x000000000000727c       0xa4 zephyr/subsys/bluetooth/controller/libsubsys__bluetooth__controller.a(ticker.c.obj)
                0x000000000000727c                ticker_start_ext
 .text.ticker_update_ext
                0x0000000000007320       0xa0 zephyr/subsys/bluetooth/controller/libsubsys__bluetooth__controller.a(ticker.c.obj)
                0x0000000000007320                ticker_update_ext
 .text.ticker_yield_abs
                0x00000000000073c0       0x80 zephyr/subsys/bluetooth/controller/libsubsys__bluetooth__controller.a(ticker.c.obj)
                0x00000000000073c0                ticker_yield_abs
 .text.ticker_stop
                0x0000000000007440       0x7c zephyr/subsys/bluetooth/controller/libsubsys__bluetooth__controller.a(ticker.c.obj)
                0x0000000000007440                ticker_stop
 .text.ticker_job
                0x00000000000074bc      0x248 zephyr/subsys/bluetooth/controller/libsubsys__bluetooth__controller.a(ticker.c.obj)
                0x00000000000074bc                ticker_job
 .text.ll_addr_set
                0x0000000000007704       0x3c zephyr/subsys/bluetooth/controller/libsubsys__bluetooth__controller.a(ll_addr.c.obj)
                0x0000000000007704                ll_addr_set
 .text.ll_addr_get
                0x0000000000007740       0x1c zephyr/subsys/bluetooth/controller/libsubsys__bluetooth__controller.a(ll_addr.c.obj)
                0x0000000000007740                ll_addr_get
 .text.hci_driver_init
                0x000000000000775c       0x10 zephyr/subsys/bluetooth/controller/libsubsys__bluetooth__controller.a(hci_driver.c.obj)
 .text.cmd_handle
                0x000000000000776c       0x34 zephyr/subsys/bluetooth/controller/libsubsys__bluetooth__controller.a(hci_driver.c.obj)
 .text.recv_thread
                0x00000000000077a0       0xbc zephyr/subsys/bluetooth/controller/libsubsys__bluetooth__controller.a(hci_driver.c.obj)
 .text.prio_recv_thread
                0x000000000000785c       0x98 zephyr/subsys/bluetooth/controller/libsubsys__bluetooth__controller.a(hci_driver.c.obj)
 .text.hci_driver_open
                0x00000000000078f4       0xa0 zephyr/subsys/bluetooth/controller/libsubsys__bluetooth__controller.a(hci_driver.c.obj)
 .text.dup_ext_adv_reset
                0x0000000000007994       0x30 zephyr/subsys/bluetooth/controller/libsubsys__bluetooth__controller.a(hci.c.obj)
 .text.cmd_complete_status
                0x00000000000079c4       0x24 zephyr/subsys/bluetooth/controller/libsubsys__bluetooth__controller.a(hci.c.obj)
 .text.set_event_mask_page_2
                0x00000000000079e8       0x44 zephyr/subsys/bluetooth/controller/libsubsys__bluetooth__controller.a(hci.c.obj)
 .text.le_scan_timeout
                0x0000000000007a2c       0x2c zephyr/subsys/bluetooth/controller/libsubsys__bluetooth__controller.a(hci.c.obj)
 .text.le_per_adv_sync_lost
                0x0000000000007a58       0x34 zephyr/subsys/bluetooth/controller/libsubsys__bluetooth__controller.a(hci.c.obj)
 .text.reset    0x0000000000007a8c       0x58 zephyr/subsys/bluetooth/controller/libsubsys__bluetooth__controller.a(hci.c.obj)
 .text.le_set_scan_enable
                0x0000000000007ae4       0x80 zephyr/subsys/bluetooth/controller/libsubsys__bluetooth__controller.a(hci.c.obj)
 .text.le_set_ext_scan_enable
                0x0000000000007b64       0x80 zephyr/subsys/bluetooth/controller/libsubsys__bluetooth__controller.a(hci.c.obj)
 .text.cmd_status
                0x0000000000007be4       0x14 zephyr/subsys/bluetooth/controller/libsubsys__bluetooth__controller.a(hci.c.obj)
 .text.le_per_adv_create_sync
                0x0000000000007bf8       0x88 zephyr/subsys/bluetooth/controller/libsubsys__bluetooth__controller.a(hci.c.obj)
 .text.dup_found
                0x0000000000007c80      0x244 zephyr/subsys/bluetooth/controller/libsubsys__bluetooth__controller.a(hci.c.obj)
 .text.le_dir_adv_report
                0x0000000000007ec4       0xe4 zephyr/subsys/bluetooth/controller/libsubsys__bluetooth__controller.a(hci.c.obj)
 .text.le_advertising_report
                0x0000000000007fa8      0x130 zephyr/subsys/bluetooth/controller/libsubsys__bluetooth__controller.a(hci.c.obj)
 .text.le_ext_adv_legacy_report
                0x00000000000080d8      0x14c zephyr/subsys/bluetooth/controller/libsubsys__bluetooth__controller.a(hci.c.obj)
 .text.dup_periodic_adv_reset
                0x0000000000008224       0x94 zephyr/subsys/bluetooth/controller/libsubsys__bluetooth__controller.a(hci.c.obj)
 .text.le_per_adv_sync_established
                0x00000000000082b8       0xc8 zephyr/subsys/bluetooth/controller/libsubsys__bluetooth__controller.a(hci.c.obj)
 .text.ext_adv_pdu_frag
                0x0000000000008380       0xdc zephyr/subsys/bluetooth/controller/libsubsys__bluetooth__controller.a(hci.c.obj)
 .text.le_ext_adv_report
                0x000000000000845c      0x550 zephyr/subsys/bluetooth/controller/libsubsys__bluetooth__controller.a(hci.c.obj)
 .text.le_per_adv_sync_report
                0x00000000000089ac      0x3f8 zephyr/subsys/bluetooth/controller/libsubsys__bluetooth__controller.a(hci.c.obj)
 .text.le_df_connectionless_iq_report
                0x0000000000008da4      0x11c zephyr/subsys/bluetooth/controller/libsubsys__bluetooth__controller.a(hci.c.obj)
 .text.encode_control
                0x0000000000008ec0       0xa8 zephyr/subsys/bluetooth/controller/libsubsys__bluetooth__controller.a(hci.c.obj)
 .text.le_set_event_mask
                0x0000000000008f68       0x44 zephyr/subsys/bluetooth/controller/libsubsys__bluetooth__controller.a(hci.c.obj)
 .text.set_event_mask
                0x0000000000008fac       0x44 zephyr/subsys/bluetooth/controller/libsubsys__bluetooth__controller.a(hci.c.obj)
 .text.hci_cmd_complete
                0x0000000000008ff0       0x20 zephyr/subsys/bluetooth/controller/libsubsys__bluetooth__controller.a(hci.c.obj)
                0x0000000000008ff0                hci_cmd_complete
 .text.vs_read_build_info
                0x0000000000009010       0x4c zephyr/subsys/bluetooth/controller/libsubsys__bluetooth__controller.a(hci.c.obj)
 .text.le_per_adv_recv_enable
                0x000000000000905c       0x68 zephyr/subsys/bluetooth/controller/libsubsys__bluetooth__controller.a(hci.c.obj)
 .text.hci_cmd_handle
                0x00000000000090c4       0xac zephyr/subsys/bluetooth/controller/libsubsys__bluetooth__controller.a(hci.c.obj)
                0x00000000000090c4                hci_cmd_handle
 .text.ll_rx_link_quota_update
                0x0000000000009170       0x44 zephyr/subsys/bluetooth/controller/libsubsys__bluetooth__controller.a(ull.c.obj)
 .text.perform_lll_reset
                0x00000000000091b4       0x80 zephyr/subsys/bluetooth/controller/libsubsys__bluetooth__controller.a(ull.c.obj)
 .text.ull_ticker_status_give
                0x0000000000009234       0x10 zephyr/subsys/bluetooth/controller/libsubsys__bluetooth__controller.a(ull.c.obj)
                0x0000000000009234                ull_ticker_status_give
 .text.ll_rx_link_alloc
                0x0000000000009244       0x10 zephyr/subsys/bluetooth/controller/libsubsys__bluetooth__controller.a(ull.c.obj)
                0x0000000000009244                ll_rx_link_alloc
 .text.ll_rx_link_release
                0x0000000000009254       0x10 zephyr/subsys/bluetooth/controller/libsubsys__bluetooth__controller.a(ull.c.obj)
                0x0000000000009254                ll_rx_link_release
 .text.rx_replenish
                0x0000000000009264       0x7c zephyr/subsys/bluetooth/controller/libsubsys__bluetooth__controller.a(ull.c.obj)
 .text.rx_link_dequeue_release_quota_inc
                0x00000000000092e0       0x20 zephyr/subsys/bluetooth/controller/libsubsys__bluetooth__controller.a(ull.c.obj)
 .text.ll_rx_dequeue
                0x0000000000009300       0xe8 zephyr/subsys/bluetooth/controller/libsubsys__bluetooth__controller.a(ull.c.obj)
                0x0000000000009300                ll_rx_dequeue
 .text.ll_rx_alloc
                0x00000000000093e8       0x10 zephyr/subsys/bluetooth/controller/libsubsys__bluetooth__controller.a(ull.c.obj)
                0x00000000000093e8                ll_rx_alloc
 .text.ll_rx_release
                0x00000000000093f8       0x10 zephyr/subsys/bluetooth/controller/libsubsys__bluetooth__controller.a(ull.c.obj)
                0x00000000000093f8                ll_rx_release
 .text.ll_rx_get
                0x0000000000009408       0x38 zephyr/subsys/bluetooth/controller/libsubsys__bluetooth__controller.a(ull.c.obj)
                0x0000000000009408                ll_rx_get
 .text.ll_rx_mem_release
                0x0000000000009440      0x1a8 zephyr/subsys/bluetooth/controller/libsubsys__bluetooth__controller.a(ull.c.obj)
                0x0000000000009440                ll_rx_mem_release
 .text.ll_rx_put
                0x00000000000095e8       0x10 zephyr/subsys/bluetooth/controller/libsubsys__bluetooth__controller.a(ull.c.obj)
                0x00000000000095e8                ll_rx_put
 .text.ll_rx_sched
                0x00000000000095f8       0x10 zephyr/subsys/bluetooth/controller/libsubsys__bluetooth__controller.a(ull.c.obj)
                0x00000000000095f8                ll_rx_sched
 .text.rx_demux_rx
                0x0000000000009608       0xf0 zephyr/subsys/bluetooth/controller/libsubsys__bluetooth__controller.a(ull.c.obj)
 .text.rx_demux
                0x00000000000096f8       0x5c zephyr/subsys/bluetooth/controller/libsubsys__bluetooth__controller.a(ull.c.obj)
 .text.ull_ticker_status_take
                0x0000000000009754       0x50 zephyr/subsys/bluetooth/controller/libsubsys__bluetooth__controller.a(ull.c.obj)
                0x0000000000009754                ull_ticker_status_take
 .text.ull_disable_mark
                0x00000000000097a4       0x18 zephyr/subsys/bluetooth/controller/libsubsys__bluetooth__controller.a(ull.c.obj)
                0x00000000000097a4                ull_disable_mark
 .text.ull_disable_unmark
                0x00000000000097bc       0x1c zephyr/subsys/bluetooth/controller/libsubsys__bluetooth__controller.a(ull.c.obj)
                0x00000000000097bc                ull_disable_unmark
 .text.ull_disable_mark_get
                0x00000000000097d8        0xc zephyr/subsys/bluetooth/controller/libsubsys__bluetooth__controller.a(ull.c.obj)
                0x00000000000097d8                ull_disable_mark_get
 .text.ull_disable
                0x00000000000097e4       0x80 zephyr/subsys/bluetooth/controller/libsubsys__bluetooth__controller.a(ull.c.obj)
                0x00000000000097e4                ull_disable
 .text.ull_ticker_stop_with_mark
                0x0000000000009864       0x7c zephyr/subsys/bluetooth/controller/libsubsys__bluetooth__controller.a(ull.c.obj)
                0x0000000000009864                ull_ticker_stop_with_mark
 .text.ull_pdu_rx_alloc_peek
                0x00000000000098e0       0x40 zephyr/subsys/bluetooth/controller/libsubsys__bluetooth__controller.a(ull.c.obj)
                0x00000000000098e0                ull_pdu_rx_alloc_peek
 .text.ull_pdu_rx_alloc
                0x0000000000009920       0x38 zephyr/subsys/bluetooth/controller/libsubsys__bluetooth__controller.a(ull.c.obj)
                0x0000000000009920                ull_pdu_rx_alloc
 .text.ull_rx_put
                0x0000000000009958       0x10 zephyr/subsys/bluetooth/controller/libsubsys__bluetooth__controller.a(ull.c.obj)
                0x0000000000009958                ull_rx_put
 .text.ull_rx_sched
                0x0000000000009968       0x14 zephyr/subsys/bluetooth/controller/libsubsys__bluetooth__controller.a(ull.c.obj)
                0x0000000000009968                ull_rx_sched
 .text.ull_rx_put_done
                0x000000000000997c       0x10 zephyr/subsys/bluetooth/controller/libsubsys__bluetooth__controller.a(ull.c.obj)
                0x000000000000997c                ull_rx_put_done
 .text.ull_rx_sched_done
                0x000000000000998c       0x14 zephyr/subsys/bluetooth/controller/libsubsys__bluetooth__controller.a(ull.c.obj)
                0x000000000000998c                ull_rx_sched_done
 .text.ull_prepare_enqueue
                0x00000000000099a0       0x70 zephyr/subsys/bluetooth/controller/libsubsys__bluetooth__controller.a(ull.c.obj)
                0x00000000000099a0                ull_prepare_enqueue
 .text.ull_prepare_dequeue_get
                0x0000000000009a10       0x20 zephyr/subsys/bluetooth/controller/libsubsys__bluetooth__controller.a(ull.c.obj)
                0x0000000000009a10                ull_prepare_dequeue_get
 .text.ull_prepare_dequeue_iter
                0x0000000000009a30       0x44 zephyr/subsys/bluetooth/controller/libsubsys__bluetooth__controller.a(ull.c.obj)
                0x0000000000009a30                ull_prepare_dequeue_iter
 .text.ull_prepare_dequeue
                0x0000000000009a74       0x94 zephyr/subsys/bluetooth/controller/libsubsys__bluetooth__controller.a(ull.c.obj)
                0x0000000000009a74                ull_prepare_dequeue
 .text.ull_event_done_extra_get
                0x0000000000009b08       0x28 zephyr/subsys/bluetooth/controller/libsubsys__bluetooth__controller.a(ull.c.obj)
                0x0000000000009b08                ull_event_done_extra_get
 .text.ull_event_done
                0x0000000000009b30       0x54 zephyr/subsys/bluetooth/controller/libsubsys__bluetooth__controller.a(ull.c.obj)
                0x0000000000009b30                ull_event_done
 .text.init_reset
                0x0000000000009b84      0x138 zephyr/subsys/bluetooth/controller/libsubsys__bluetooth__controller.a(ull.c.obj)
 .text.ll_init  0x0000000000009cbc       0xf0 zephyr/subsys/bluetooth/controller/libsubsys__bluetooth__controller.a(ull.c.obj)
                0x0000000000009cbc                ll_init
 .text.ll_reset
                0x0000000000009dac      0x10c zephyr/subsys/bluetooth/controller/libsubsys__bluetooth__controller.a(ull.c.obj)
                0x0000000000009dac                ll_reset
 .text.rx_demux_event_done
                0x0000000000009eb8       0xdc zephyr/subsys/bluetooth/controller/libsubsys__bluetooth__controller.a(ull.c.obj)
 .text.ull_done
                0x0000000000009f94       0x38 zephyr/subsys/bluetooth/controller/libsubsys__bluetooth__controller.a(ull.c.obj)
 .text.lll_resume
                0x0000000000009fcc       0x50 zephyr/subsys/bluetooth/controller/libsubsys__bluetooth__controller.a(lll_common.c.obj)
                0x0000000000009fcc                lll_resume
 .text.duration_period_setup
                0x000000000000a01c       0x90 zephyr/subsys/bluetooth/controller/libsubsys__bluetooth__controller.a(ull_scan.c.obj)
 .text.ticker_stop_ext_op_cb
                0x000000000000a0ac       0x44 zephyr/subsys/bluetooth/controller/libsubsys__bluetooth__controller.a(ull_scan.c.obj)
 .text.ext_disable
                0x000000000000a0f0       0x84 zephyr/subsys/bluetooth/controller/libsubsys__bluetooth__controller.a(ull_scan.c.obj)
 .text.ull_scan_disable
                0x000000000000a174       0xac zephyr/subsys/bluetooth/controller/libsubsys__bluetooth__controller.a(ull_scan.c.obj)
                0x000000000000a174                ull_scan_disable
 .text.ull_scan_set_get
                0x000000000000a220       0x18 zephyr/subsys/bluetooth/controller/libsubsys__bluetooth__controller.a(ull_scan.c.obj)
                0x000000000000a220                ull_scan_set_get
 .text.ull_scan_term_dequeue
                0x000000000000a238       0x40 zephyr/subsys/bluetooth/controller/libsubsys__bluetooth__controller.a(ull_scan.c.obj)
                0x000000000000a238                ull_scan_term_dequeue
 .text.ull_scan_handle_get
                0x000000000000a278       0x1c zephyr/subsys/bluetooth/controller/libsubsys__bluetooth__controller.a(ull_scan.c.obj)
                0x000000000000a278                ull_scan_handle_get
 .text.duration_period_update
                0x000000000000a294       0x54 zephyr/subsys/bluetooth/controller/libsubsys__bluetooth__controller.a(ull_scan.c.obj)
 .text.ticker_cb
                0x000000000000a2e8      0x198 zephyr/subsys/bluetooth/controller/libsubsys__bluetooth__controller.a(ull_scan.c.obj)
 .text.ull_scan_done
                0x000000000000a480       0x94 zephyr/subsys/bluetooth/controller/libsubsys__bluetooth__controller.a(ull_scan.c.obj)
                0x000000000000a480                ull_scan_done
 .text.ull_scan_is_valid_get
                0x000000000000a514       0x18 zephyr/subsys/bluetooth/controller/libsubsys__bluetooth__controller.a(ull_scan.c.obj)
                0x000000000000a514                ull_scan_is_valid_get
 .text.init_reset
                0x000000000000a52c       0x1c zephyr/subsys/bluetooth/controller/libsubsys__bluetooth__controller.a(ull_scan_aux.c.obj)
 .text.aux_sync_partial
                0x000000000000a548       0x48 zephyr/subsys/bluetooth/controller/libsubsys__bluetooth__controller.a(ull_scan_aux.c.obj)
 .text.ticker_op_cb
                0x000000000000a590       0xbc zephyr/subsys/bluetooth/controller/libsubsys__bluetooth__controller.a(ull_scan_aux.c.obj)
 .text.ticker_cb
                0x000000000000a64c       0x88 zephyr/subsys/bluetooth/controller/libsubsys__bluetooth__controller.a(ull_scan_aux.c.obj)
 .text.flush    0x000000000000a6d4       0xd4 zephyr/subsys/bluetooth/controller/libsubsys__bluetooth__controller.a(ull_scan_aux.c.obj)
 .text.aux_sync_incomplete
                0x000000000000a7a8       0xd8 zephyr/subsys/bluetooth/controller/libsubsys__bluetooth__controller.a(ull_scan_aux.c.obj)
 .text.flush_safe
                0x000000000000a880       0x94 zephyr/subsys/bluetooth/controller/libsubsys__bluetooth__controller.a(ull_scan_aux.c.obj)
 .text.done_disabled_cb
                0x000000000000a914       0x38 zephyr/subsys/bluetooth/controller/libsubsys__bluetooth__controller.a(ull_scan_aux.c.obj)
 .text.ull_scan_aux_set_get
                0x000000000000a94c       0x18 zephyr/subsys/bluetooth/controller/libsubsys__bluetooth__controller.a(ull_scan_aux.c.obj)
                0x000000000000a94c                ull_scan_aux_set_get
 .text.ull_scan_aux_lll_handle_get
                0x000000000000a964       0x14 zephyr/subsys/bluetooth/controller/libsubsys__bluetooth__controller.a(ull_scan_aux.c.obj)
                0x000000000000a964                ull_scan_aux_lll_handle_get
 .text.ull_scan_aux_lll_parent_get
                0x000000000000a978       0x48 zephyr/subsys/bluetooth/controller/libsubsys__bluetooth__controller.a(ull_scan_aux.c.obj)
                0x000000000000a978                ull_scan_aux_lll_parent_get
 .text.ull_scan_aux_is_valid_get
                0x000000000000a9c0       0x18 zephyr/subsys/bluetooth/controller/libsubsys__bluetooth__controller.a(ull_scan_aux.c.obj)
                0x000000000000a9c0                ull_scan_aux_is_valid_get
 .text.ull_scan_aux_done
                0x000000000000a9d8       0xdc zephyr/subsys/bluetooth/controller/libsubsys__bluetooth__controller.a(ull_scan_aux.c.obj)
                0x000000000000a9d8                ull_scan_aux_done
 .text.ull_scan_aux_release
                0x000000000000aab4      0x118 zephyr/subsys/bluetooth/controller/libsubsys__bluetooth__controller.a(ull_scan_aux.c.obj)
                0x000000000000aab4                ull_scan_aux_release
 .text.ull_scan_aux_stop
                0x000000000000abcc       0xd0 zephyr/subsys/bluetooth/controller/libsubsys__bluetooth__controller.a(ull_scan_aux.c.obj)
                0x000000000000abcc                ull_scan_aux_stop
 .text.ticker_start_op_cb
                0x000000000000ac9c       0x30 zephyr/subsys/bluetooth/controller/libsubsys__bluetooth__controller.a(ull_sync.c.obj)
 .text.init_reset
                0x000000000000accc       0x28 zephyr/subsys/bluetooth/controller/libsubsys__bluetooth__controller.a(ull_sync.c.obj)
 .text.ticker_cb
                0x000000000000acf4       0xac zephyr/subsys/bluetooth/controller/libsubsys__bluetooth__controller.a(ull_sync.c.obj)
 .text.ticker_stop_sync_expire_op_cb
                0x000000000000ada0       0x64 zephyr/subsys/bluetooth/controller/libsubsys__bluetooth__controller.a(ull_sync.c.obj)
 .text.ticker_update_op_cb
                0x000000000000ae04       0x38 zephyr/subsys/bluetooth/controller/libsubsys__bluetooth__controller.a(ull_sync.c.obj)
 .text.ticker_stop_sync_lost_op_cb
                0x000000000000ae3c       0x6c zephyr/subsys/bluetooth/controller/libsubsys__bluetooth__controller.a(ull_sync.c.obj)
 .text.ticker_update_op_status_give
                0x000000000000aea8       0x10 zephyr/subsys/bluetooth/controller/libsubsys__bluetooth__controller.a(ull_sync.c.obj)
 .text.ll_sync_create
                0x000000000000aeb8      0x190 zephyr/subsys/bluetooth/controller/libsubsys__bluetooth__controller.a(ull_sync.c.obj)
                0x000000000000aeb8                ll_sync_create
 .text.ull_sync_set_get
                0x000000000000b048       0x18 zephyr/subsys/bluetooth/controller/libsubsys__bluetooth__controller.a(ull_sync.c.obj)
                0x000000000000b048                ull_sync_set_get
 .text.ull_sync_is_valid_get
                0x000000000000b060       0x18 zephyr/subsys/bluetooth/controller/libsubsys__bluetooth__controller.a(ull_sync.c.obj)
                0x000000000000b060                ull_sync_is_valid_get
 .text.ull_sync_handle_get
                0x000000000000b078       0x10 zephyr/subsys/bluetooth/controller/libsubsys__bluetooth__controller.a(ull_sync.c.obj)
                0x000000000000b078                ull_sync_handle_get
 .text.sync_lost
                0x000000000000b088       0x40 zephyr/subsys/bluetooth/controller/libsubsys__bluetooth__controller.a(ull_sync.c.obj)
 .text.sync_ticker_cleanup
                0x000000000000b0c8       0x54 zephyr/subsys/bluetooth/controller/libsubsys__bluetooth__controller.a(ull_sync.c.obj)
 .text.ull_sync_release
                0x000000000000b11c       0x14 zephyr/subsys/bluetooth/controller/libsubsys__bluetooth__controller.a(ull_sync.c.obj)
                0x000000000000b11c                ull_sync_release
 .text.ll_sync_terminate
                0x000000000000b130       0xb8 zephyr/subsys/bluetooth/controller/libsubsys__bluetooth__controller.a(ull_sync.c.obj)
                0x000000000000b130                ll_sync_terminate
 .text.ull_sync_established_report
                0x000000000000b1e8       0x78 zephyr/subsys/bluetooth/controller/libsubsys__bluetooth__controller.a(ull_sync.c.obj)
                0x000000000000b1e8                ull_sync_established_report
 .text.ull_sync_done
                0x000000000000b260      0x164 zephyr/subsys/bluetooth/controller/libsubsys__bluetooth__controller.a(ull_sync.c.obj)
                0x000000000000b260                ull_sync_done
 .text.ull_sync_chm_update
                0x000000000000b3c4       0xc4 zephyr/subsys/bluetooth/controller/libsubsys__bluetooth__controller.a(ull_sync.c.obj)
                0x000000000000b3c4                ull_sync_chm_update
 .text.ll_df_set_cl_iq_sampling_enable
                0x000000000000b488      0x12c zephyr/subsys/bluetooth/controller/libsubsys__bluetooth__controller.a(ull_df.c.obj)
                0x000000000000b488                ll_df_set_cl_iq_sampling_enable
 .text.ull_df_iq_report_alloc_peek
                0x000000000000b5b4       0x40 zephyr/subsys/bluetooth/controller/libsubsys__bluetooth__controller.a(ull_df.c.obj)
                0x000000000000b5b4                ull_df_iq_report_alloc_peek
 .text.ull_df_iq_report_alloc
                0x000000000000b5f4       0x38 zephyr/subsys/bluetooth/controller/libsubsys__bluetooth__controller.a(ull_df.c.obj)
                0x000000000000b5f4                ull_df_iq_report_alloc
 .text.ull_df_iq_report_mem_release
                0x000000000000b62c       0x10 zephyr/subsys/bluetooth/controller/libsubsys__bluetooth__controller.a(ull_df.c.obj)
                0x000000000000b62c                ull_df_iq_report_mem_release
 .text.ull_iq_report_link_inc_quota
                0x000000000000b63c       0x44 zephyr/subsys/bluetooth/controller/libsubsys__bluetooth__controller.a(ull_df.c.obj)
                0x000000000000b63c                ull_iq_report_link_inc_quota
 .text.ull_df_rx_iq_report_alloc
                0x000000000000b680       0x78 zephyr/subsys/bluetooth/controller/libsubsys__bluetooth__controller.a(ull_df.c.obj)
                0x000000000000b680                ull_df_rx_iq_report_alloc
 .text.init_reset
                0x000000000000b6f8       0x34 zephyr/subsys/bluetooth/controller/libsubsys__bluetooth__controller.a(ull_df.c.obj)
 .text.chan_rev_8
                0x000000000000b72c       0x2c zephyr/subsys/bluetooth/controller/libsubsys__bluetooth__controller.a(lll_chan.c.obj)
 .text.lll_chan_sel_2
                0x000000000000b758       0x58 zephyr/subsys/bluetooth/controller/libsubsys__bluetooth__controller.a(lll_chan.c.obj)
                0x000000000000b758                lll_chan_sel_2
 .text.fal_clear
                0x000000000000b7b0       0x40 zephyr/subsys/bluetooth/controller/libsubsys__bluetooth__controller.a(ull_filter.c.obj)
 .text.rl_clear
                0x000000000000b7f0       0x2c zephyr/subsys/bluetooth/controller/libsubsys__bluetooth__controller.a(ull_filter.c.obj)
 .text.pal_clear
                0x000000000000b81c       0x44 zephyr/subsys/bluetooth/controller/libsubsys__bluetooth__controller.a(ull_filter.c.obj)
 .text.fal_find
                0x000000000000b860       0x70 zephyr/subsys/bluetooth/controller/libsubsys__bluetooth__controller.a(ull_filter.c.obj)
 .text.fal_remove
                0x000000000000b8d0       0x4c zephyr/subsys/bluetooth/controller/libsubsys__bluetooth__controller.a(ull_filter.c.obj)
 .text.pal_addr_find
                0x000000000000b91c       0x54 zephyr/subsys/bluetooth/controller/libsubsys__bluetooth__controller.a(ull_filter.c.obj)
 .text.pal_find
                0x000000000000b970       0x8c zephyr/subsys/bluetooth/controller/libsubsys__bluetooth__controller.a(ull_filter.c.obj)
 .text.pal_remove
                0x000000000000b9fc       0x54 zephyr/subsys/bluetooth/controller/libsubsys__bluetooth__controller.a(ull_filter.c.obj)
 .text.fal_update
                0x000000000000ba50       0x78 zephyr/subsys/bluetooth/controller/libsubsys__bluetooth__controller.a(ull_filter.c.obj)
 .text.rl_update
                0x000000000000bac8       0x44 zephyr/subsys/bluetooth/controller/libsubsys__bluetooth__controller.a(ull_filter.c.obj)
 .text.rl_access_check
                0x000000000000bb0c       0x28 zephyr/subsys/bluetooth/controller/libsubsys__bluetooth__controller.a(ull_filter.c.obj)
 .text.rpa_refresh_stop
                0x000000000000bb34       0x10 zephyr/subsys/bluetooth/controller/libsubsys__bluetooth__controller.a(ull_filter.c.obj)
 .text.rpa_refresh_start
                0x000000000000bb44       0x34 zephyr/subsys/bluetooth/controller/libsubsys__bluetooth__controller.a(ull_filter.c.obj)
 .text.ll_rl_id_addr_get
                0x000000000000bb78       0x88 zephyr/subsys/bluetooth/controller/libsubsys__bluetooth__controller.a(ull_filter.c.obj)
                0x000000000000bb78                ll_rl_id_addr_get
 .text.ll_rl_enable
                0x000000000000bc00       0x34 zephyr/subsys/bluetooth/controller/libsubsys__bluetooth__controller.a(ull_filter.c.obj)
                0x000000000000bc00                ll_rl_enable
 .text.ll_rl_timeout_set
                0x000000000000bc34       0x14 zephyr/subsys/bluetooth/controller/libsubsys__bluetooth__controller.a(ull_filter.c.obj)
                0x000000000000bc34                ll_rl_timeout_set
 .text.ull_filter_ull_pal_addr_match
                0x000000000000bc48       0x54 zephyr/subsys/bluetooth/controller/libsubsys__bluetooth__controller.a(ull_filter.c.obj)
                0x000000000000bc48                ull_filter_ull_pal_addr_match
 .text.ull_filter_ull_pal_match
                0x000000000000bc9c       0x68 zephyr/subsys/bluetooth/controller/libsubsys__bluetooth__controller.a(ull_filter.c.obj)
                0x000000000000bc9c                ull_filter_ull_pal_match
 .text.ull_filter_ull_pal_listed
                0x000000000000bd04       0x88 zephyr/subsys/bluetooth/controller/libsubsys__bluetooth__controller.a(ull_filter.c.obj)
                0x000000000000bd04                ull_filter_ull_pal_listed
 .text.ull_filter_reset
                0x000000000000bd8c       0x58 zephyr/subsys/bluetooth/controller/libsubsys__bluetooth__controller.a(ull_filter.c.obj)
                0x000000000000bd8c                ull_filter_reset
 .text.ull_filter_lll_get
                0x000000000000bde4       0x14 zephyr/subsys/bluetooth/controller/libsubsys__bluetooth__controller.a(ull_filter.c.obj)
                0x000000000000bde4                ull_filter_lll_get
 .text.ull_filter_scan_update
                0x000000000000bdf8       0x38 zephyr/subsys/bluetooth/controller/libsubsys__bluetooth__controller.a(ull_filter.c.obj)
                0x000000000000bdf8                ull_filter_scan_update
 .text.ull_filter_rpa_update
                0x000000000000be30      0x1ac zephyr/subsys/bluetooth/controller/libsubsys__bluetooth__controller.a(ull_filter.c.obj)
                0x000000000000be30                ull_filter_rpa_update
 .text.rpa_timeout
                0x000000000000bfdc       0x3c zephyr/subsys/bluetooth/controller/libsubsys__bluetooth__controller.a(ull_filter.c.obj)
 .text.ull_filter_rl_find
                0x000000000000c018       0x84 zephyr/subsys/bluetooth/controller/libsubsys__bluetooth__controller.a(ull_filter.c.obj)
                0x000000000000c018                ull_filter_rl_find
 .text.fal_add  0x000000000000c09c       0xa0 zephyr/subsys/bluetooth/controller/libsubsys__bluetooth__controller.a(ull_filter.c.obj)
 .text.ll_rl_add
                0x000000000000c13c      0x1d4 zephyr/subsys/bluetooth/controller/libsubsys__bluetooth__controller.a(ull_filter.c.obj)
                0x000000000000c13c                ll_rl_add
 .text.ll_rl_remove
                0x000000000000c310      0x130 zephyr/subsys/bluetooth/controller/libsubsys__bluetooth__controller.a(ull_filter.c.obj)
                0x000000000000c310                ll_rl_remove
 .text.ll_rl_crpa_set
                0x000000000000c440       0x48 zephyr/subsys/bluetooth/controller/libsubsys__bluetooth__controller.a(ull_filter.c.obj)
                0x000000000000c440                ll_rl_crpa_set
 .text.ll_rl_crpa_get
                0x000000000000c488       0x50 zephyr/subsys/bluetooth/controller/libsubsys__bluetooth__controller.a(ull_filter.c.obj)
                0x000000000000c488                ll_rl_crpa_get
 .text.ll_rl_lrpa_get
                0x000000000000c4d8       0x34 zephyr/subsys/bluetooth/controller/libsubsys__bluetooth__controller.a(ull_filter.c.obj)
                0x000000000000c4d8                ll_rl_lrpa_get
 .text.ll_priv_mode_set
                0x000000000000c50c       0x5c zephyr/subsys/bluetooth/controller/libsubsys__bluetooth__controller.a(ull_filter.c.obj)
                0x000000000000c50c                ll_priv_mode_set
 .text.pal_add  0x000000000000c568       0xb0 zephyr/subsys/bluetooth/controller/libsubsys__bluetooth__controller.a(ull_filter.c.obj)
 .text.ull_filter_lll_lrpa_get
                0x000000000000c618       0x40 zephyr/subsys/bluetooth/controller/libsubsys__bluetooth__controller.a(ull_filter.c.obj)
                0x000000000000c618                ull_filter_lll_lrpa_get
 .text.ull_filter_lll_irks_get
                0x000000000000c658       0x14 zephyr/subsys/bluetooth/controller/libsubsys__bluetooth__controller.a(ull_filter.c.obj)
                0x000000000000c658                ull_filter_lll_irks_get
 .text.ull_filter_lll_rl_idx
                0x000000000000c66c       0xcc zephyr/subsys/bluetooth/controller/libsubsys__bluetooth__controller.a(ull_filter.c.obj)
                0x000000000000c66c                ull_filter_lll_rl_idx
 .text.ull_filter_lll_rl_irk_idx
                0x000000000000c738       0x9c zephyr/subsys/bluetooth/controller/libsubsys__bluetooth__controller.a(ull_filter.c.obj)
                0x000000000000c738                ull_filter_lll_rl_irk_idx
 .text.ull_filter_lll_irk_in_fal
                0x000000000000c7d4       0x58 zephyr/subsys/bluetooth/controller/libsubsys__bluetooth__controller.a(ull_filter.c.obj)
                0x000000000000c7d4                ull_filter_lll_irk_in_fal
 .text.ull_filter_lll_rl_idx_allowed
                0x000000000000c82c       0x88 zephyr/subsys/bluetooth/controller/libsubsys__bluetooth__controller.a(ull_filter.c.obj)
                0x000000000000c82c                ull_filter_lll_rl_idx_allowed
 .text.ull_filter_lll_rl_addr_allowed
                0x000000000000c8b4       0xb0 zephyr/subsys/bluetooth/controller/libsubsys__bluetooth__controller.a(ull_filter.c.obj)
                0x000000000000c8b4                ull_filter_lll_rl_addr_allowed
 .text.ull_filter_lll_rl_addr_resolve
                0x000000000000c964       0x58 zephyr/subsys/bluetooth/controller/libsubsys__bluetooth__controller.a(ull_filter.c.obj)
                0x000000000000c964                ull_filter_lll_rl_addr_resolve
 .text.ull_filter_lll_rl_enabled
                0x000000000000c9bc       0x10 zephyr/subsys/bluetooth/controller/libsubsys__bluetooth__controller.a(ull_filter.c.obj)
                0x000000000000c9bc                ull_filter_lll_rl_enabled
 .text.rtc0_nrf5_isr
                0x000000000000c9cc       0x2c zephyr/subsys/bluetooth/controller/libsubsys__bluetooth__controller.a(lll.c.obj)
 .text.ticker_stop_op_cb
                0x000000000000c9f8       0x5c zephyr/subsys/bluetooth/controller/libsubsys__bluetooth__controller.a(lll.c.obj)
 .text.ticker_start_op_cb
                0x000000000000ca54       0xac zephyr/subsys/bluetooth/controller/libsubsys__bluetooth__controller.a(lll.c.obj)
 .text.resume_enqueue
                0x000000000000cb00       0x30 zephyr/subsys/bluetooth/controller/libsubsys__bluetooth__controller.a(lll.c.obj)
 .text.preempt_ticker_stop
                0x000000000000cb30       0x88 zephyr/subsys/bluetooth/controller/libsubsys__bluetooth__controller.a(lll.c.obj)
 .text.preempt_ticker_start
                0x000000000000cbb8       0xd0 zephyr/subsys/bluetooth/controller/libsubsys__bluetooth__controller.a(lll.c.obj)
 .text.preempt  0x000000000000cc88      0x14c zephyr/subsys/bluetooth/controller/libsubsys__bluetooth__controller.a(lll.c.obj)
 .text.preempt_ticker_cb
                0x000000000000cdd4       0x84 zephyr/subsys/bluetooth/controller/libsubsys__bluetooth__controller.a(lll.c.obj)
 .text.lll_init
                0x000000000000ce58       0x70 zephyr/subsys/bluetooth/controller/libsubsys__bluetooth__controller.a(lll.c.obj)
                0x000000000000ce58                lll_init
 .text.lll_csrand_get
                0x000000000000cec8       0x18 zephyr/subsys/bluetooth/controller/libsubsys__bluetooth__controller.a(lll.c.obj)
                0x000000000000cec8                lll_csrand_get
 .text.lll_disable
                0x000000000000cee0       0x98 zephyr/subsys/bluetooth/controller/libsubsys__bluetooth__controller.a(lll.c.obj)
                0x000000000000cee0                lll_disable
 .text.lll_done
                0x000000000000cf78       0xa8 zephyr/subsys/bluetooth/controller/libsubsys__bluetooth__controller.a(lll.c.obj)
                0x000000000000cf78                lll_done
 .text.lll_is_done
                0x000000000000d020       0x1c zephyr/subsys/bluetooth/controller/libsubsys__bluetooth__controller.a(lll.c.obj)
                0x000000000000d020                lll_is_done
 .text.lll_chan_set
                0x000000000000d03c       0x74 zephyr/subsys/bluetooth/controller/libsubsys__bluetooth__controller.a(lll.c.obj)
                0x000000000000d03c                lll_chan_set
 .text.lll_isr_cleanup
                0x000000000000d0b0       0x5c zephyr/subsys/bluetooth/controller/libsubsys__bluetooth__controller.a(lll.c.obj)
                0x000000000000d0b0                lll_isr_cleanup
 .text.lll_prepare_resolve
                0x000000000000d10c      0x16c zephyr/subsys/bluetooth/controller/libsubsys__bluetooth__controller.a(lll.c.obj)
                0x000000000000d10c                lll_prepare_resolve
 .text.lll_clock_init
                0x000000000000d278       0x20 zephyr/subsys/bluetooth/controller/libsubsys__bluetooth__controller.a(lll_clock.c.obj)
                0x000000000000d278                lll_clock_init
 .text.lll_hfclock_on
                0x000000000000d298       0x2c zephyr/subsys/bluetooth/controller/libsubsys__bluetooth__controller.a(lll_clock.c.obj)
                0x000000000000d298                lll_hfclock_on
 .text.lll_hfclock_off
                0x000000000000d2c4       0x3c zephyr/subsys/bluetooth/controller/libsubsys__bluetooth__controller.a(lll_clock.c.obj)
                0x000000000000d2c4                lll_hfclock_off
 .text.lll_clock_ppm_get
                0x000000000000d300        0xc zephyr/subsys/bluetooth/controller/libsubsys__bluetooth__controller.a(lll_clock.c.obj)
                0x000000000000d300                lll_clock_ppm_get
 .text.ticker_op_start_cb
                0x000000000000d30c       0x30 zephyr/subsys/bluetooth/controller/libsubsys__bluetooth__controller.a(lll_scan.c.obj)
 .text.common_prepare_cb
                0x000000000000d33c      0x20c zephyr/subsys/bluetooth/controller/libsubsys__bluetooth__controller.a(lll_scan.c.obj)
 .text.ticker_stop_cb
                0x000000000000d548       0x44 zephyr/subsys/bluetooth/controller/libsubsys__bluetooth__controller.a(lll_scan.c.obj)
 .text.isr_common_done
                0x000000000000d58c       0xac zephyr/subsys/bluetooth/controller/libsubsys__bluetooth__controller.a(lll_scan.c.obj)
 .text.isr_abort
                0x000000000000d638       0x44 zephyr/subsys/bluetooth/controller/libsubsys__bluetooth__controller.a(lll_scan.c.obj)
 .text.isr_tx   0x000000000000d67c       0xc8 zephyr/subsys/bluetooth/controller/libsubsys__bluetooth__controller.a(lll_scan.c.obj)
 .text.isr_rx_scan_report
                0x000000000000d744      0x16c zephyr/subsys/bluetooth/controller/libsubsys__bluetooth__controller.a(lll_scan.c.obj)
 .text.abort_cb
                0x000000000000d8b0       0x50 zephyr/subsys/bluetooth/controller/libsubsys__bluetooth__controller.a(lll_scan.c.obj)
 .text.isr_done_cleanup
                0x000000000000d900       0xec zephyr/subsys/bluetooth/controller/libsubsys__bluetooth__controller.a(lll_scan.c.obj)
 .text.is_abort_cb
                0x000000000000d9ec       0x98 zephyr/subsys/bluetooth/controller/libsubsys__bluetooth__controller.a(lll_scan.c.obj)
 .text.lll_scan_prepare
                0x000000000000da84       0x78 zephyr/subsys/bluetooth/controller/libsubsys__bluetooth__controller.a(lll_scan.c.obj)
                0x000000000000da84                lll_scan_prepare
 .text.lll_scan_isr_resume
                0x000000000000dafc       0x18 zephyr/subsys/bluetooth/controller/libsubsys__bluetooth__controller.a(lll_scan.c.obj)
                0x000000000000dafc                lll_scan_isr_resume
 .text.isr_rx_pdu
                0x000000000000db14      0x248 zephyr/subsys/bluetooth/controller/libsubsys__bluetooth__controller.a(lll_scan.c.obj)
 .text.isr_rx   0x000000000000dd5c      0x170 zephyr/subsys/bluetooth/controller/libsubsys__bluetooth__controller.a(lll_scan.c.obj)
 .text.prepare_cb
                0x000000000000decc      0x1e8 zephyr/subsys/bluetooth/controller/libsubsys__bluetooth__controller.a(lll_scan_aux.c.obj)
 .text.isr_done
                0x000000000000e0b4       0xac zephyr/subsys/bluetooth/controller/libsubsys__bluetooth__controller.a(lll_scan_aux.c.obj)
 .text.isr_tx   0x000000000000e160       0xc0 zephyr/subsys/bluetooth/controller/libsubsys__bluetooth__controller.a(lll_scan_aux.c.obj)
 .text.isr_tx_scan_req_lll_schedule
                0x000000000000e220       0x4c zephyr/subsys/bluetooth/controller/libsubsys__bluetooth__controller.a(lll_scan_aux.c.obj)
 .text.isr_tx_scan_req_ull_schedule
                0x000000000000e26c       0x4c zephyr/subsys/bluetooth/controller/libsubsys__bluetooth__controller.a(lll_scan_aux.c.obj)
 .text.abort_cb
                0x000000000000e2b8       0x50 zephyr/subsys/bluetooth/controller/libsubsys__bluetooth__controller.a(lll_scan_aux.c.obj)
 .text.is_abort_cb
                0x000000000000e308       0x44 zephyr/subsys/bluetooth/controller/libsubsys__bluetooth__controller.a(lll_scan_aux.c.obj)
 .text.lll_scan_aux_isr_aux_setup
                0x000000000000e34c      0x184 zephyr/subsys/bluetooth/controller/libsubsys__bluetooth__controller.a(lll_scan_aux.c.obj)
                0x000000000000e34c                lll_scan_aux_isr_aux_setup
 .text.lll_scan_aux_prepare
                0x000000000000e4d0       0x78 zephyr/subsys/bluetooth/controller/libsubsys__bluetooth__controller.a(lll_scan_aux.c.obj)
                0x000000000000e4d0                lll_scan_aux_prepare
 .text.lll_scan_aux_setup
                0x000000000000e548      0x1b8 zephyr/subsys/bluetooth/controller/libsubsys__bluetooth__controller.a(lll_scan_aux.c.obj)
                0x000000000000e548                lll_scan_aux_setup
 .text.isr_rx_pdu
                0x000000000000e700      0x32c zephyr/subsys/bluetooth/controller/libsubsys__bluetooth__controller.a(lll_scan_aux.c.obj)
 .text.isr_rx   0x000000000000ea2c      0x1f8 zephyr/subsys/bluetooth/controller/libsubsys__bluetooth__controller.a(lll_scan_aux.c.obj)
 .text.isr_aux_setup
                0x000000000000ec24      0x158 zephyr/subsys/bluetooth/controller/libsubsys__bluetooth__controller.a(lll_sync.c.obj)
 .text.isr_rx_done_cleanup
                0x000000000000ed7c       0x94 zephyr/subsys/bluetooth/controller/libsubsys__bluetooth__controller.a(lll_sync.c.obj)
 .text.isr_done
                0x000000000000ee10       0x7c zephyr/subsys/bluetooth/controller/libsubsys__bluetooth__controller.a(lll_sync.c.obj)
 .text.prepare_cb_common
                0x000000000000ee8c      0x168 zephyr/subsys/bluetooth/controller/libsubsys__bluetooth__controller.a(lll_sync.c.obj)
 .text.create_prepare_cb
                0x000000000000eff4       0x94 zephyr/subsys/bluetooth/controller/libsubsys__bluetooth__controller.a(lll_sync.c.obj)
 .text.prepare_cb
                0x000000000000f088       0x8c zephyr/subsys/bluetooth/controller/libsubsys__bluetooth__controller.a(lll_sync.c.obj)
 .text.abort_cb
                0x000000000000f114       0x5c zephyr/subsys/bluetooth/controller/libsubsys__bluetooth__controller.a(lll_sync.c.obj)
 .text.prepare  0x000000000000f170       0x4c zephyr/subsys/bluetooth/controller/libsubsys__bluetooth__controller.a(lll_sync.c.obj)
 .text.isr_rx   0x000000000000f1bc      0x2d4 zephyr/subsys/bluetooth/controller/libsubsys__bluetooth__controller.a(lll_sync.c.obj)
 .text.isr_rx_aux_chain
                0x000000000000f490       0xe0 zephyr/subsys/bluetooth/controller/libsubsys__bluetooth__controller.a(lll_sync.c.obj)
 .text.isr_rx_adv_sync
                0x000000000000f570       0x88 zephyr/subsys/bluetooth/controller/libsubsys__bluetooth__controller.a(lll_sync.c.obj)
 .text.lll_sync_create_prepare
                0x000000000000f5f8       0x58 zephyr/subsys/bluetooth/controller/libsubsys__bluetooth__controller.a(lll_sync.c.obj)
                0x000000000000f5f8                lll_sync_create_prepare
 .text.lll_sync_prepare
                0x000000000000f650       0x58 zephyr/subsys/bluetooth/controller/libsubsys__bluetooth__controller.a(lll_sync.c.obj)
                0x000000000000f650                lll_sync_prepare
 .text.lll_sync_aux_prepare_cb
                0x000000000000f6a8       0xe8 zephyr/subsys/bluetooth/controller/libsubsys__bluetooth__controller.a(lll_sync.c.obj)
                0x000000000000f6a8                lll_sync_aux_prepare_cb
 .text.sync_filtrate_by_cte_type
                0x000000000000f790       0x20 zephyr/subsys/bluetooth/controller/libsubsys__bluetooth__controller.a(lll_sync.c.obj)
 .text.isr_rx_adv_sync_estab
                0x000000000000f7b0       0xd4 zephyr/subsys/bluetooth/controller/libsubsys__bluetooth__controller.a(lll_sync.c.obj)
 .text.lll_df_conf_cte_rx_enable
                0x000000000000f884       0x74 zephyr/subsys/bluetooth/controller/libsubsys__bluetooth__controller.a(lll_df.c.obj)
                0x000000000000f884                lll_df_conf_cte_rx_enable
 .text.radio_df_ant_switch_pattern_set
                0x000000000000f8f8       0x28 zephyr/subsys/bluetooth/controller/libsubsys__bluetooth__controller.a(radio_df.c.obj)
                0x000000000000f8f8                radio_df_ant_switch_pattern_set
 .text.radio_df_ant_switching_pin_sel_cfg
                0x000000000000f920       0x3c zephyr/subsys/bluetooth/controller/libsubsys__bluetooth__controller.a(radio_df.c.obj)
                0x000000000000f920                radio_df_ant_switching_pin_sel_cfg
 .text.radio_df_ant_switching_gpios_cfg
                0x000000000000f95c       0x60 zephyr/subsys/bluetooth/controller/libsubsys__bluetooth__controller.a(radio_df.c.obj)
                0x000000000000f95c                radio_df_ant_switching_gpios_cfg
 .text.radio_df_cte_rx_2us_switching
                0x000000000000f9bc       0x34 zephyr/subsys/bluetooth/controller/libsubsys__bluetooth__controller.a(radio_df.c.obj)
                0x000000000000f9bc                radio_df_cte_rx_2us_switching
 .text.radio_df_cte_rx_4us_switching
                0x000000000000f9f0       0x34 zephyr/subsys/bluetooth/controller/libsubsys__bluetooth__controller.a(radio_df.c.obj)
                0x000000000000f9f0                radio_df_cte_rx_4us_switching
 .text.radio_df_ant_switch_pattern_clear
                0x000000000000fa24       0x10 zephyr/subsys/bluetooth/controller/libsubsys__bluetooth__controller.a(radio_df.c.obj)
                0x000000000000fa24                radio_df_ant_switch_pattern_clear
 .text.radio_df_iq_data_packet_set
                0x000000000000fa34       0x10 zephyr/subsys/bluetooth/controller/libsubsys__bluetooth__controller.a(radio_df.c.obj)
                0x000000000000fa34                radio_df_iq_data_packet_set
 .text.radio_df_iq_samples_amount_get
                0x000000000000fa44        0xc zephyr/subsys/bluetooth/controller/libsubsys__bluetooth__controller.a(radio_df.c.obj)
                0x000000000000fa44                radio_df_iq_samples_amount_get
 .text.radio_df_cte_status_get
                0x000000000000fa50       0x10 zephyr/subsys/bluetooth/controller/libsubsys__bluetooth__controller.a(radio_df.c.obj)
                0x000000000000fa50                radio_df_cte_status_get
 .text.radio_df_cte_ready
                0x000000000000fa60       0x14 zephyr/subsys/bluetooth/controller/libsubsys__bluetooth__controller.a(radio_df.c.obj)
                0x000000000000fa60                radio_df_cte_ready
 .text.cntr_init
                0x000000000000fa74       0x1c zephyr/subsys/bluetooth/controller/libsubsys__bluetooth__controller.a(cntr.c.obj)
                0x000000000000fa74                cntr_init
 .text.cntr_start
                0x000000000000fa90       0x20 zephyr/subsys/bluetooth/controller/libsubsys__bluetooth__controller.a(cntr.c.obj)
                0x000000000000fa90                cntr_start
 .text.cntr_stop
                0x000000000000fab0       0x50 zephyr/subsys/bluetooth/controller/libsubsys__bluetooth__controller.a(cntr.c.obj)
                0x000000000000fab0                cntr_stop
 .text.cntr_cnt_get
                0x000000000000fb00        0xc zephyr/subsys/bluetooth/controller/libsubsys__bluetooth__controller.a(cntr.c.obj)
                0x000000000000fb00                cntr_cnt_get
 .text.cntr_cmp_set
                0x000000000000fb0c       0x10 zephyr/subsys/bluetooth/controller/libsubsys__bluetooth__controller.a(cntr.c.obj)
                0x000000000000fb0c                cntr_cmp_set
 .text.do_ecb   0x000000000000fb1c       0x5c zephyr/subsys/bluetooth/controller/libsubsys__bluetooth__controller.a(ecb.c.obj)
 .text.radio_isr_set
                0x000000000000fb78       0x3c zephyr/subsys/bluetooth/controller/libsubsys__bluetooth__controller.a(radio.c.obj)
                0x000000000000fb78                radio_isr_set
 .text.radio_reset
                0x000000000000fbb4       0x30 zephyr/subsys/bluetooth/controller/libsubsys__bluetooth__controller.a(radio.c.obj)
                0x000000000000fbb4                radio_reset
 .text.radio_phy_set
                0x000000000000fbe4       0x28 zephyr/subsys/bluetooth/controller/libsubsys__bluetooth__controller.a(radio.c.obj)
                0x000000000000fbe4                radio_phy_set
 .text.radio_tx_power_set
                0x000000000000fc0c        0xc zephyr/subsys/bluetooth/controller/libsubsys__bluetooth__controller.a(radio.c.obj)
                0x000000000000fc0c                radio_tx_power_set
 .text.radio_freq_chan_set
                0x000000000000fc18        0xc zephyr/subsys/bluetooth/controller/libsubsys__bluetooth__controller.a(radio.c.obj)
                0x000000000000fc18                radio_freq_chan_set
 .text.radio_whiten_iv_set
                0x000000000000fc24       0x24 zephyr/subsys/bluetooth/controller/libsubsys__bluetooth__controller.a(radio.c.obj)
                0x000000000000fc24                radio_whiten_iv_set
 .text.radio_aa_set
                0x000000000000fc48       0x30 zephyr/subsys/bluetooth/controller/libsubsys__bluetooth__controller.a(radio.c.obj)
                0x000000000000fc48                radio_aa_set
 .text.radio_pkt_configure
                0x000000000000fc78       0x64 zephyr/subsys/bluetooth/controller/libsubsys__bluetooth__controller.a(radio.c.obj)
                0x000000000000fc78                radio_pkt_configure
 .text.radio_pkt_rx_set
                0x000000000000fcdc        0xc zephyr/subsys/bluetooth/controller/libsubsys__bluetooth__controller.a(radio.c.obj)
                0x000000000000fcdc                radio_pkt_rx_set
 .text.radio_pkt_tx_set
                0x000000000000fce8        0xc zephyr/subsys/bluetooth/controller/libsubsys__bluetooth__controller.a(radio.c.obj)
                0x000000000000fce8                radio_pkt_tx_set
 .text.radio_rx_enable
                0x000000000000fcf4        0xc zephyr/subsys/bluetooth/controller/libsubsys__bluetooth__controller.a(radio.c.obj)
                0x000000000000fcf4                radio_rx_enable
 .text.radio_disable
                0x000000000000fd00       0x24 zephyr/subsys/bluetooth/controller/libsubsys__bluetooth__controller.a(radio.c.obj)
                0x000000000000fd00                radio_disable
 .text.radio_status_reset
                0x000000000000fd24       0x20 zephyr/subsys/bluetooth/controller/libsubsys__bluetooth__controller.a(radio.c.obj)
                0x000000000000fd24                radio_status_reset
 .text.radio_is_ready
                0x000000000000fd44       0x14 zephyr/subsys/bluetooth/controller/libsubsys__bluetooth__controller.a(radio.c.obj)
                0x000000000000fd44                radio_is_ready
 .text.radio_is_done
                0x000000000000fd58       0x14 zephyr/subsys/bluetooth/controller/libsubsys__bluetooth__controller.a(radio.c.obj)
                0x000000000000fd58                radio_is_done
 .text.radio_has_disabled
                0x000000000000fd6c       0x14 zephyr/subsys/bluetooth/controller/libsubsys__bluetooth__controller.a(radio.c.obj)
                0x000000000000fd6c                radio_has_disabled
 .text.isr_radio
                0x000000000000fd80       0x1c zephyr/subsys/bluetooth/controller/libsubsys__bluetooth__controller.a(radio.c.obj)
                0x000000000000fd80                isr_radio
 .text.radio_is_idle
                0x000000000000fd9c       0x14 zephyr/subsys/bluetooth/controller/libsubsys__bluetooth__controller.a(radio.c.obj)
                0x000000000000fd9c                radio_is_idle
 .text.radio_crc_configure
                0x000000000000fdb0       0x18 zephyr/subsys/bluetooth/controller/libsubsys__bluetooth__controller.a(radio.c.obj)
                0x000000000000fdb0                radio_crc_configure
 .text.radio_crc_is_valid
                0x000000000000fdc8       0x14 zephyr/subsys/bluetooth/controller/libsubsys__bluetooth__controller.a(radio.c.obj)
                0x000000000000fdc8                radio_crc_is_valid
 .text.radio_pkt_scratch_get
                0x000000000000fddc        0x8 zephyr/subsys/bluetooth/controller/libsubsys__bluetooth__controller.a(radio.c.obj)
                0x000000000000fddc                radio_pkt_scratch_get
 .text.sw_switch
                0x000000000000fde4      0x168 zephyr/subsys/bluetooth/controller/libsubsys__bluetooth__controller.a(radio.c.obj)
                0x000000000000fde4                sw_switch
 .text.radio_switch_complete_and_rx
                0x000000000000ff4c       0x2c zephyr/subsys/bluetooth/controller/libsubsys__bluetooth__controller.a(radio.c.obj)
                0x000000000000ff4c                radio_switch_complete_and_rx
 .text.radio_switch_complete_and_tx
                0x000000000000ff78       0x2c zephyr/subsys/bluetooth/controller/libsubsys__bluetooth__controller.a(radio.c.obj)
                0x000000000000ff78                radio_switch_complete_and_tx
 .text.radio_switch_complete_and_disable
                0x000000000000ffa4       0x20 zephyr/subsys/bluetooth/controller/libsubsys__bluetooth__controller.a(radio.c.obj)
                0x000000000000ffa4                radio_switch_complete_and_disable
 .text.radio_rssi_measure
                0x000000000000ffc4       0x14 zephyr/subsys/bluetooth/controller/libsubsys__bluetooth__controller.a(radio.c.obj)
                0x000000000000ffc4                radio_rssi_measure
 .text.radio_rssi_get
                0x000000000000ffd8        0xc zephyr/subsys/bluetooth/controller/libsubsys__bluetooth__controller.a(radio.c.obj)
                0x000000000000ffd8                radio_rssi_get
 .text.radio_rssi_status_reset
                0x000000000000ffe4       0x10 zephyr/subsys/bluetooth/controller/libsubsys__bluetooth__controller.a(radio.c.obj)
                0x000000000000ffe4                radio_rssi_status_reset
 .text.radio_rssi_is_ready
                0x000000000000fff4       0x14 zephyr/subsys/bluetooth/controller/libsubsys__bluetooth__controller.a(radio.c.obj)
                0x000000000000fff4                radio_rssi_is_ready
 .text.radio_filter_configure
                0x0000000000010008       0x68 zephyr/subsys/bluetooth/controller/libsubsys__bluetooth__controller.a(radio.c.obj)
                0x0000000000010008                radio_filter_configure
 .text.radio_filter_disable
                0x0000000000010070       0x14 zephyr/subsys/bluetooth/controller/libsubsys__bluetooth__controller.a(radio.c.obj)
                0x0000000000010070                radio_filter_disable
 .text.radio_filter_status_reset
                0x0000000000010084       0x10 zephyr/subsys/bluetooth/controller/libsubsys__bluetooth__controller.a(radio.c.obj)
                0x0000000000010084                radio_filter_status_reset
 .text.radio_filter_has_match
                0x0000000000010094       0x14 zephyr/subsys/bluetooth/controller/libsubsys__bluetooth__controller.a(radio.c.obj)
                0x0000000000010094                radio_filter_has_match
 .text.radio_filter_match_get
                0x00000000000100a8        0xc zephyr/subsys/bluetooth/controller/libsubsys__bluetooth__controller.a(radio.c.obj)
                0x00000000000100a8                radio_filter_match_get
 .text.radio_bc_configure
                0x00000000000100b4       0x18 zephyr/subsys/bluetooth/controller/libsubsys__bluetooth__controller.a(radio.c.obj)
                0x00000000000100b4                radio_bc_configure
 .text.radio_bc_status_reset
                0x00000000000100cc       0x10 zephyr/subsys/bluetooth/controller/libsubsys__bluetooth__controller.a(radio.c.obj)
                0x00000000000100cc                radio_bc_status_reset
 .text.radio_bc_has_match
                0x00000000000100dc       0x14 zephyr/subsys/bluetooth/controller/libsubsys__bluetooth__controller.a(radio.c.obj)
                0x00000000000100dc                radio_bc_has_match
 .text.radio_tmr_status_reset